Component: ARM Compiler 5.06 update 1 (build 61) Tool: armlink [4d35a8]

==============================================================================

Section Cross References

    los_priqueue.o(i.LOS_PriqueueEnqueue) refers to los_priqueue.o(.data) for g_pstLosPriorityQueueList
    los_priqueue.o(i.LOS_PriqueueSize) refers to los_priqueue.o(.data) for g_pstLosPriorityQueueList
    los_priqueue.o(i.LOS_PriqueueTop) refers to los_priqueue.o(.data) for g_pstLosPriorityQueueList
    los_priqueue.o(i.LOS_PriqueueTotalSize) refers to los_priqueue.o(i.LOS_PriqueueSize) for LOS_PriqueueSize
    los_priqueue.o(i.osPriqueueInit) refers to los_memory.o(i.LOS_MemAlloc) for LOS_MemAlloc
    los_priqueue.o(i.osPriqueueInit) refers to los_config.o(.data) for m_aucSysMem0
    los_priqueue.o(i.osPriqueueInit) refers to los_priqueue.o(.data) for g_pstLosPriorityQueueList
    los_swtmr.o(i.LOS_SwtmrCreate) refers to los_dispatch.o(.text) for LOS_IntLock
    los_swtmr.o(i.LOS_SwtmrCreate) refers to los_swtmr.o(.data) for m_pstSwtmrFreeList
    los_swtmr.o(i.LOS_SwtmrDelete) refers to los_dispatch.o(.text) for LOS_IntLock
    los_swtmr.o(i.LOS_SwtmrDelete) refers to los_swtmr.o(i.osSwtmrStop) for osSwtmrStop
    los_swtmr.o(i.LOS_SwtmrDelete) refers to los_swtmr.o(i.osSwtmrDelete) for osSwtmrDelete
    los_swtmr.o(i.LOS_SwtmrDelete) refers to los_swtmr.o(.data) for m_pstSwtmrCBArray
    los_swtmr.o(i.LOS_SwtmrStart) refers to los_dispatch.o(.text) for LOS_IntLock
    los_swtmr.o(i.LOS_SwtmrStart) refers to los_swtmr.o(i.osSwtmrStop) for osSwtmrStop
    los_swtmr.o(i.LOS_SwtmrStart) refers to los_swtmr.o(i.osSwTmrStart) for osSwTmrStart
    los_swtmr.o(i.LOS_SwtmrStart) refers to los_swtmr.o(.data) for m_pstSwtmrCBArray
    los_swtmr.o(i.LOS_SwtmrStop) refers to los_dispatch.o(.text) for LOS_IntLock
    los_swtmr.o(i.LOS_SwtmrStop) refers to los_swtmr.o(i.osSwtmrStop) for osSwtmrStop
    los_swtmr.o(i.LOS_SwtmrStop) refers to los_swtmr.o(.data) for m_pstSwtmrCBArray
    los_swtmr.o(i.osSwTmrAdjust) refers to los_swtmr.o(i.osSwTmrTimeoutHandle) for osSwTmrTimeoutHandle
    los_swtmr.o(i.osSwTmrAdjust) refers to los_swtmr.o(.data) for m_pstSwtmrSortList
    los_swtmr.o(i.osSwTmrGetNextTimeout) refers to los_swtmr.o(.data) for m_pstSwtmrSortList
    los_swtmr.o(i.osSwTmrInit) refers to los_memory.o(i.LOS_MemAlloc) for LOS_MemAlloc
    los_swtmr.o(i.osSwTmrInit) refers to rt_memclr_w.o(.text) for __aeabi_memclr4
    los_swtmr.o(i.osSwTmrInit) refers to los_membox.o(i.LOS_MemboxInit) for LOS_MemboxInit
    los_swtmr.o(i.osSwTmrInit) refers to los_queue.o(i.LOS_QueueCreate) for LOS_QueueCreate
    los_swtmr.o(i.osSwTmrInit) refers to los_swtmr.o(i.osSwTmrTaskCreate) for osSwTmrTaskCreate
    los_swtmr.o(i.osSwTmrInit) refers to los_swtmr.o(.data) for m_pstSwtmrSortList
    los_swtmr.o(i.osSwTmrInit) refers to los_config.o(.data) for m_aucSysMem0
    los_swtmr.o(i.osSwTmrInit) refers to los_swtmr.o(.bss) for m_aucSwTmrHandlerPool
    los_swtmr.o(i.osSwTmrStart) refers to los_swtmr.o(.data) for m_pstSwtmrSortList
    los_swtmr.o(i.osSwTmrTask) refers to los_queue.o(i.LOS_QueueRead) for LOS_QueueRead
    los_swtmr.o(i.osSwTmrTask) refers to los_membox.o(i.LOS_MemboxFree) for LOS_MemboxFree
    los_swtmr.o(i.osSwTmrTask) refers to los_swtmr.o(.data) for m_uwSwTmrHandlerQueue
    los_swtmr.o(i.osSwTmrTask) refers to los_swtmr.o(.bss) for m_aucSwTmrHandlerPool
    los_swtmr.o(i.osSwTmrTaskCreate) refers to rt_memclr_w.o(.text) for __aeabi_memclr4
    los_swtmr.o(i.osSwTmrTaskCreate) refers to los_task.o(i.LOS_TaskCreate) for LOS_TaskCreate
    los_swtmr.o(i.osSwTmrTaskCreate) refers to los_swtmr.o(i.osSwTmrTask) for osSwTmrTask
    los_swtmr.o(i.osSwTmrTaskCreate) refers to los_task.o(.data) for g_uwSwtmrTaskID
    los_swtmr.o(i.osSwTmrTimeoutHandle) refers to los_membox.o(i.LOS_MemboxAlloc) for LOS_MemboxAlloc
    los_swtmr.o(i.osSwTmrTimeoutHandle) refers to los_queue.o(i.LOS_QueueWrite) for LOS_QueueWrite
    los_swtmr.o(i.osSwTmrTimeoutHandle) refers to los_membox.o(i.LOS_MemboxFree) for LOS_MemboxFree
    los_swtmr.o(i.osSwTmrTimeoutHandle) refers to los_swtmr.o(i.osSwtmrDelete) for osSwtmrDelete
    los_swtmr.o(i.osSwTmrTimeoutHandle) refers to los_swtmr.o(i.osSwTmrStart) for osSwTmrStart
    los_swtmr.o(i.osSwTmrTimeoutHandle) refers to los_swtmr.o(.data) for m_pstSwtmrSortList
    los_swtmr.o(i.osSwTmrTimeoutHandle) refers to los_swtmr.o(.bss) for m_aucSwTmrHandlerPool
    los_swtmr.o(i.osSwtmrDelete) refers to los_swtmr.o(.data) for m_pstSwtmrFreeList
    los_swtmr.o(i.osSwtmrScan) refers to los_swtmr.o(i.osSwTmrTimeoutHandle) for osSwTmrTimeoutHandle
    los_swtmr.o(i.osSwtmrScan) refers to los_swtmr.o(.data) for m_pstSwtmrSortList
    los_swtmr.o(i.osSwtmrStop) refers to los_swtmr.o(.data) for m_pstSwtmrSortList
    los_sys.o(i.LOS_MS2Tick) refers to lludivv7m.o(.text) for __aeabi_uldivmod
    los_sys.o(i.LOS_Reboot) refers to los_dispatch.o(.text) for LOS_IntLock
[...]
    lwip_netconn_do_send                     0x08005b6f   Thumb Code   126  sockets.o(i.lwip_netconn_do_send)
    lwip_netconn_do_write                    0x08005bed   Thumb Code   164  sockets.o(i.lwip_netconn_do_write)
    lwip_send                                0x08005e6d   Thumb Code   152  sockets.o(i.lwip_send)
    lwip_sendto                              0x08005f09   Thumb Code   244  sockets.o(i.lwip_sendto)
    lwip_socket                              0x08006001   Thumb Code   158  sockets.o(i.lwip_socket)
    lwip_standard_chksum                     0x080060a9   Thumb Code    94  inet_chksum.o(i.lwip_standard_chksum)
    main                                     0x08006107   Thumb Code    22  los_config.o(i.main)
    mem_free                                 0x0800611d   Thumb Code   128  mem.o(i.mem_free)
    mem_init                                 0x080061b1   Thumb Code    94  mem.o(i.mem_init)
    mem_malloc                               0x08006229   Thumb Code   306  mem.o(i.mem_malloc)
    mem_trim                                 0x08006371   Thumb Code   326  mem.o(i.mem_trim)
    memp_free                                0x080064cd   Thumb Code    36  memp.o(i.memp_free)
    memp_init                                0x080064f5   Thumb Code    40  memp.o(i.memp_init)
    memp_init_pool                           0x08006525   Thumb Code    44  memp.o(i.memp_init_pool)
    memp_malloc                              0x08006551   Thumb Code    32  memp.o(i.memp_malloc)
    netbuf_delete                            0x08006575   Thumb Code    32  sockets.o(i.netbuf_delete)
    netbuf_free                              0x08006595   Thumb Code    32  sockets.o(i.netbuf_free)
    netbuf_ref                               0x080065b5   Thumb Code    74  sockets.o(i.netbuf_ref)
    netconn_alloc                            0x080065ff   Thumb Code   138  sockets.o(i.netconn_alloc)
    netconn_delete                           0x080066ad   Thumb Code    48  sockets.o(i.netconn_delete)
    netconn_free                             0x08006795   Thumb Code    58  sockets.o(i.netconn_free)
    netconn_new_with_proto_and_callback      0x080067d1   Thumb Code   126  sockets.o(i.netconn_new_with_proto_and_callback)
    netconn_send                             0x08006855   Thumb Code    40  sockets.o(i.netconn_send)
    netconn_write_partly                     0x08006881   Thumb Code   142  sockets.o(i.netconn_write_partly)
    netif_add                                0x08006915   Thumb Code   110  netif.o(i.netif_add)
    netif_init                               0x0800698d   Thumb Code     2  netif.o(i.netif_init)
    netif_set_addr                           0x080069b3   Thumb Code    72  netif.o(i.netif_set_addr)
    netif_set_default                        0x080069fd   Thumb Code     6  netif.o(i.netif_set_default)
    netif_set_down                           0x08006a09   Thumb Code    42  netif.o(i.netif_set_down)
    netif_set_gw                             0x08006a33   Thumb Code    12  netif.o(i.netif_set_gw)
    netif_set_ipaddr                         0x08006a41   Thumb Code    72  netif.o(i.netif_set_ipaddr)
    netif_set_netmask                        0x08006a8d   Thumb Code    12  netif.o(i.netif_set_netmask)
    netif_set_up                             0x08006a99   Thumb Code    44  netif.o(i.netif_set_up)
    osAppInit                                0x08006ac5   Thumb Code   256  main.o(i.osAppInit)
    osHwiDefaultHandler                      0x08006c81   Thumb Code     8  los_hwi.o(i.osHwiDefaultHandler)
    osHwiInit                                0x08006c89   Thumb Code    32  los_hwi.o(i.osHwiInit)
    osIdleTask                               0x08006cb9   Thumb Code     4  los_task.o(i.osIdleTask)
    osIdleTaskCreate                         0x08006cbd   Thumb Code    54  los_task.o(i.osIdleTaskCreate)
    osInterrupt                              0x08006d09   Thumb Code    70  los_hwi.o(i.osInterrupt)
    osKernelSysTick                          0x08006d59   Thumb Code     6  cmsis_liteos.o(i.osKernelSysTick)
    osMain                                   0x08006d65   Thumb Code   114  los_config.o(i.osMain)
    osMemSystemInit                          0x080070ad   Thumb Code    26  los_memory.o(i.osMemSystemInit)
    osMessageCreate                          0x080070d1   Thumb Code    44  cmsis_liteos.o(i.osMessageCreate)
    osMessageDelete                          0x080070fd   Thumb Code    54  cmsis_liteos.o(i.osMessageDelete)
    osMessageGet                             0x08007135   Thumb Code   106  cmsis_liteos.o(i.osMessageGet)
    osMessagePut                             0x080071a5   Thumb Code    84  cmsis_liteos.o(i.osMessagePut)
    osMutexCreate                            0x080071fd   Thumb Code    42  cmsis_liteos.o(i.osMutexCreate)
    osMutexRelease                           0x0800722d   Thumb Code    40  cmsis_liteos.o(i.osMutexRelease)
    osMutexWait                              0x08007259   Thumb Code    90  cmsis_liteos.o(i.osMutexWait)
    osMuxInit                                0x080072bd   Thumb Code    74  los_mux.o(i.osMuxInit)
    osPriqueueInit                           0x08007319   Thumb Code    64  los_priqueue.o(i.osPriqueueInit)
    osQueueCreate                            0x08007361   Thumb Code   100  los_queue.o(i.osQueueCreate)
    osQueueInit                              0x080073d1   Thumb Code    44  los_queue.o(i.osQueueInit)
    osRegister                               0x080074e9   Thumb Code    14  los_config.o(i.osRegister)
    osSchedule                               0x08007505   Thumb Code     8  los_hw.o(i.osSchedule)
    osSemInit                                0x0800750d   Thumb Code    70  los_sem.o(i.osSemInit)
    osSwTmrInit                              0x08007565   Thumb Code   142  los_swtmr.o(i.osSwTmrInit)
    osSwTmrStart                             0x08007611   Thumb Code    92  los_swtmr.o(i.osSwTmrStart)
    osSwTmrTask                              0x08007671   Thumb Code    70  los_swtmr.o(i.osSwTmrTask)
    osSwTmrTaskCreate                        0x080076c1   Thumb Code    52  los_swtmr.o(i.osSwTmrTaskCreate)
    osSwtmrScan                              0x080077a9   Thumb Code    32  los_swtmr.o(i.osSwtmrScan)
    osTaskAdd2TimerList                      0x080077cd   Thumb Code   188  los_task.o(i.osTaskAdd2TimerList)
    osTaskEntry                              0x0800788d   Thumb Code   154  los_task.o(i.osTaskEntry)
    osTaskExit                               0x08007931   Thumb Code     6  los_hw.o(i.osTaskExit)
    osTaskInit                               0x08007939   Thumb Code   258  los_task.o(i.osTaskInit)
    osTaskMemUsedDec                         0x08007a61   Thumb Code    40  los_memstat.o(i.osTaskMemUsedDec)
    osTaskMemUsedInc                         0x08007a95   Thumb Code    48  los_memstat.o(i.osTaskMemUsedInc)
    osTaskPriModify                          0x08007ad1   Thumb Code    56  los_task.o(i.osTaskPriModify)
    osTaskScan                               0x08007b09   Thumb Code   214  los_task.o(i.osTaskScan)
    osTaskSelfDelete                         0x08007be5   Thumb Code   236  los_task.o(i.osTaskSelfDelete)
    osThreadCreate                           0x08007ce1   Thumb Code   116  cmsis_liteos.o(i.osThreadCreate)
    osTickHandler                            0x08007d59   Thumb Code    34  los_tick.o(i.osTickHandler)
    osTickStart                              0x08007d81   Thumb Code    58  los_hw_tick.o(i.osTickStart)
    osTimerListDelete                        0x08007dd9   Thumb Code    66  los_task.o(i.osTimerListDelete)
    osTimesliceCheck                         0x08007e21   Thumb Code    64  los_timeslice.o(i.osTimesliceCheck)
    osTimesliceInit                          0x08007e6d   Thumb Code    12  los_timeslice.o(i.osTimesliceInit)
    osTskStackInit                           0x08007e7d   Thumb Code   306  los_hw.o(i.osTskStackInit)
    pbuf_alloc                               0x08007fbd   Thumb Code   390  pbuf.o(i.pbuf_alloc)
    pbuf_alloced_custom                      0x08008143   Thumb Code    98  pbuf.o(i.pbuf_alloced_custom)
    pbuf_cat                                 0x080081a5   Thumb Code    56  pbuf.o(i.pbuf_cat)
    pbuf_chain                               0x080081dd   Thumb Code    22  pbuf.o(i.pbuf_chain)
    pbuf_clen                                0x080081f3   Thumb Code    18  pbuf.o(i.pbuf_clen)
    pbuf_copy                                0x08008205   Thumb Code   192  pbuf.o(i.pbuf_copy)
    pbuf_copy_partial                        0x080082c5   Thumb Code   146  pbuf.o(i.pbuf_copy_partial)
    pbuf_free                                0x08008357   Thumb Code   134  pbuf.o(i.pbuf_free)
    pbuf_header                              0x0800841b   Thumb Code    18  pbuf.o(i.pbuf_header)
    pbuf_header_force                        0x0800842d   Thumb Code    18  pbuf.o(i.pbuf_header_force)
    pbuf_realloc                             0x080084fd   Thumb Code   128  pbuf.o(i.pbuf_realloc)
    pbuf_ref                                 0x0800857d   Thumb Code    18  pbuf.o(i.pbuf_ref)
    pbuf_split_64k                           0x0800858f   Thumb Code    98  pbuf.o(i.pbuf_split_64k)
    stats_init                               0x08008951   Thumb Code     2  stats.o(i.stats_init)
    sys_arch_mbox_fetch                      0x08008953   Thumb Code   148  sys_arch.o(i.sys_arch_mbox_fetch)
    sys_arch_mbox_tryfetch                   0x080089e7   Thumb Code    52  sys_arch.o(i.sys_arch_mbox_tryfetch)
    sys_arch_sem_wait                        0x08008a1b   Thumb Code    84  sys_arch.o(i.sys_arch_sem_wait)
    sys_init                                 0x08008aed   Thumb Code     8  sys_arch.o(i.sys_init)
    sys_mbox_free                            0x08008af9   Thumb Code    46  sys_arch.o(i.sys_mbox_free)
    sys_mbox_new                             0x08008b2d   Thumb Code    80  sys_arch.o(i.sys_mbox_new)
    sys_mbox_post                            0x08008b81   Thumb Code    26  sys_arch.o(i.sys_mbox_post)
    sys_mbox_set_invalid                     0x08008b9b   Thumb Code     6  sys_arch.o(i.sys_mbox_set_invalid)
    sys_mbox_trypost                         0x08008ba1   Thumb Code    52  sys_arch.o(i.sys_mbox_trypost)
    sys_mbox_valid                           0x08008bd9   Thumb Code    14  sys_arch.o(i.sys_mbox_valid)
    sys_mutex_lock                           0x08008be7   Thumb Code    16  sys_arch.o(i.sys_mutex_lock)
    sys_mutex_new                            0x08008bf9   Thumb Code    80  sys_arch.o(i.sys_mutex_new)
    sys_mutex_unlock                         0x08008c4d   Thumb Code    12  sys_arch.o(i.sys_mutex_unlock)
    sys_sem_free                             0x08008c59   Thumb Code    26  sys_arch.o(i.sys_sem_free)
    sys_sem_new                              0x08008c79   Thumb Code    94  sys_arch.o(i.sys_sem_new)
    sys_sem_set_invalid                      0x08008cdd   Thumb Code     6  sys_arch.o(i.sys_sem_set_invalid)
    sys_sem_signal                           0x08008ce3   Thumb Code    12  sys_arch.o(i.sys_sem_signal)
    sys_sem_valid                            0x08008cef   Thumb Code    14  sys_arch.o(i.sys_sem_valid)
    sys_thread_new                           0x08008cfd   Thumb Code    72  sys_arch.o(i.sys_thread_new)
    sys_timeout                              0x08008d49   Thumb Code   204  timeouts.o(i.sys_timeout)
    sys_timeouts_init                        0x08008e1d   Thumb Code    38  timeouts.o(i.sys_timeouts_init)
    sys_timeouts_mbox_fetch                  0x08008e51   Thumb Code    58  timeouts.o(i.sys_timeouts_mbox_fetch)
    tcp_abandon                              0x08008ec9   Thumb Code   230  tcp.o(i.tcp_abandon)
    tcp_abort                                0x08008fc1   Thumb Code    14  tcp.o(i.tcp_abort)
    tcp_accept                               0x08008fcf   Thumb Code    16  tcp.o(i.tcp_accept)
    tcp_alloc                                0x08008fe1   Thumb Code   254  tcp.o(i.tcp_alloc)
    tcp_arg                                  0x080090f5   Thumb Code     6  tcp.o(i.tcp_arg)
    tcp_close                                0x08009109   Thumb Code    28  tcp.o(i.tcp_close)
    tcp_eff_send_mss_impl                    0x080093e1   Thumb Code    58  tcp.o(i.tcp_eff_send_mss_impl)
    tcp_enqueue_flags                        0x0800941d   Thumb Code   336  tcp_out.o(i.tcp_enqueue_flags)
    tcp_err                                  0x08009571   Thumb Code    12  tcp.o(i.tcp_err)
    tcp_fasttmr                              0x0800957d   Thumb Code   132  tcp.o(i.tcp_fasttmr)
    tcp_init                                 0x08009665   Thumb Code     2  tcp.o(i.tcp_init)
    tcp_input                                0x08009669   Thumb Code  1530  tcp_in.o(i.tcp_input)
    tcp_keepalive                            0x08009cd9   Thumb Code   128  tcp_out.o(i.tcp_keepalive)
    tcp_netif_ip_addr_changed                0x08009fc5   Thumb Code    70  tcp.o(i.tcp_netif_ip_addr_changed)
    tcp_new_ip_type                          0x0800a043   Thumb Code    16  tcp.o(i.tcp_new_ip_type)
    tcp_next_iss                             0x0800a055   Thumb Code    22  tcp.o(i.tcp_next_iss)
    tcp_output                               0x0800a105   Thumb Code   596  tcp_out.o(i.tcp_output)
    tcp_pcb_purge                            0x0800a6b1   Thumb Code    78  tcp.o(i.tcp_pcb_purge)
    tcp_pcb_remove                           0x0800a6ff   Thumb Code   124  tcp.o(i.tcp_pcb_remove)
    tcp_poll                                 0x0800a77b   Thumb Code    12  tcp.o(i.tcp_poll)
    tcp_process_refused_data                 0x0800ad3d   Thumb Code   204  tcp.o(i.tcp_process_refused_data)
    tcp_recv                                 0x0800b795   Thumb Code    12  tcp.o(i.tcp_recv)
    tcp_recv_null                            0x0800b7a1   Thumb Code    46  tcp.o(i.tcp_recv_null)
    tcp_recved                               0x0800b7cf   Thumb Code   140  tcp.o(i.tcp_recved)
    tcp_rexmit                               0x0800b877   Thumb Code    98  tcp_out.o(i.tcp_rexmit)
    tcp_rexmit_fast                          0x0800b8d9   Thumb Code    82  tcp_out.o(i.tcp_rexmit_fast)
    tcp_rexmit_rto                           0x0800b92b   Thumb Code    66  tcp_out.o(i.tcp_rexmit_rto)
    tcp_rst                                  0x0800b96d   Thumb Code   166  tcp_out.o(i.tcp_rst)
    tcp_seg_copy                             0x0800ba19   Thumb Code    36  tcp.o(i.tcp_seg_copy)
    tcp_seg_free                             0x0800ba3d   Thumb Code    26  tcp.o(i.tcp_seg_free)
    tcp_segs_free                            0x0800ba57   Thumb Code    24  tcp.o(i.tcp_segs_free)
    tcp_send_empty_ack                       0x0800ba6f   Thumb Code   142  tcp_out.o(i.tcp_send_empty_ack)
    tcp_send_fin                             0x0800bafd   Thumb Code    74  tcp_out.o(i.tcp_send_fin)
    tcp_sent                                 0x0800bb47   Thumb Code    12  tcp.o(i.tcp_sent)
    tcp_shutdown                             0x0800bb53   Thumb Code   104  tcp.o(i.tcp_shutdown)
    tcp_slowtmr                              0x0800bbbd   Thumb Code   840  tcp.o(i.tcp_slowtmr)
    tcp_timer_needed                         0x0800bf25   Thumb Code    38  timeouts.o(i.tcp_timer_needed)
    tcp_tmr                                  0x0800c001   Thumb Code    30  tcp.o(i.tcp_tmr)
    tcp_trigger_input_pcb_close              0x0800c025   Thumb Code    14  tcp_in.o(i.tcp_trigger_input_pcb_close)
    tcp_update_rcv_ann_wnd                   0x0800c039   Thumb Code    74  tcp.o(i.tcp_update_rcv_ann_wnd)
    tcp_write                                0x0800c085   Thumb Code  1124  tcp_out.o(i.tcp_write)
    tcp_zero_window_probe                    0x0800c571   Thumb Code   252  tcp_out.o(i.tcp_zero_window_probe)
    tcpip_callback_with_block                0x0800c671   Thumb Code    86  tcpip.o(i.tcpip_callback_with_block)
    tcpip_init                               0x0800c6cd   Thumb Code    62  tcpip.o(i.tcpip_init)
    tcpip_inpkt                              0x0800c731   Thumb Code    76  tcpip.o(i.tcpip_inpkt)
    tcpip_input                              0x0800c781   Thumb Code    40  tcpip.o(i.tcpip_input)
    tcpip_send_msg_wait_sem                  0x0800c7b1   Thumb Code    28  tcpip.o(i.tcpip_send_msg_wait_sem)
    udp_bind                                 0x0800c89d   Thumb Code   138  udp.o(i.udp_bind)
    udp_init                                 0x0800c931   Thumb Code     2  udp.o(i.udp_init)
    udp_input                                0x0800c935   Thumb Code   418  udp.o(i.udp_input)
    udp_netif_ip_addr_changed                0x0800cb2d   Thumb Code    42  udp.o(i.udp_netif_ip_addr_changed)
    udp_new                                  0x0800cb5d   Thumb Code    28  udp.o(i.udp_new)
    udp_new_ip_type                          0x0800cb79   Thumb Code    14  udp.o(i.udp_new_ip_type)
    udp_recv                                 0x0800cbe1   Thumb Code     6  udp.o(i.udp_recv)
    udp_remove                               0x0800cbe9   Thumb Code    64  udp.o(i.udp_remove)
    udp_send                                 0x0800cc2d   Thumb Code    30  udp.o(i.udp_send)
    udp_sendto                               0x0800cc4d   Thumb Code    76  udp.o(i.udp_sendto)
    udp_sendto_if                            0x0800cc9d   Thumb Code    82  udp.o(i.udp_sendto_if)
    udp_sendto_if_src                        0x0800ccf1   Thumb Code   246  udp.o(i.udp_sendto_if_src)
    _fp_init                                 0x0800cded   Thumb Code    10  fpinit.o(x$fpl$fpinit)
    __fplib_config_fpu_vfp                   0x0800cdf5   Thumb Code     0  fpinit.o(x$fpl$fpinit)
    __fplib_config_pureend_doubles           0x0800cdf5   Thumb Code     0  fpinit.o(x$fpl$fpinit)
    ip_addr_any                              0x0800ce3c   Data           4  ip4_addr.o(.constdata)
    ip_addr_broadcast                        0x0800ce40   Data           4  ip4_addr.o(.constdata)
    memp_UDP_PCB                             0x0800ce44   Data          16  memp.o(.constdata)
    memp_TCP_PCB                             0x0800ce54   Data          16  memp.o(.constdata)
    memp_TCP_PCB_LISTEN                      0x0800ce64   Data          16  memp.o(.constdata)
    memp_TCP_SEG                             0x0800ce74   Data          16  memp.o(.constdata)
    memp_REASSDATA                           0x0800ce84   Data          16  memp.o(.constdata)
    memp_FRAG_PBUF                           0x0800ce94   Data          16  memp.o(.constdata)
    memp_NETBUF                              0x0800cea4   Data          16  memp.o(.constdata)
    memp_NETCONN                             0x0800ceb4   Data          16  memp.o(.constdata)
    memp_TCPIP_MSG_API                       0x0800cec4   Data          16  memp.o(.constdata)
    memp_TCPIP_MSG_INPKT                     0x0800ced4   Data          16  memp.o(.constdata)
    memp_SYS_TIMEOUT                         0x0800cee4   Data          16  memp.o(.constdata)
    memp_PBUF                                0x0800cef4   Data          16  memp.o(.constdata)
    memp_PBUF_POOL                           0x0800cf04   Data          16  memp.o(.constdata)
    memp_pools                               0x0800cf14   Data          52  memp.o(.constdata)
    tcp_pcb_lists                            0x0800cf88   Data          16  tcp.o(.constdata)
    lwip_cyclic_timers                       0x0800cf98   Data          24  timeouts.o(.constdata)
    ethbroadcast                             0x0800cfb0   Data           6  ethernet.o(.constdata)
    ethzero                                  0x0800cfb6   Data           6  ethernet.o(.constdata)
    __stdin_name                             0x0800cfbc   Data           4  sys_io.o(.constdata)
    __stdout_name                            0x0800cfc0   Data           4  sys_io.o(.constdata)
    __stderr_name                            0x0800cfc4   Data           4  sys_io.o(.constdata)
    Region$$Table$$Base                      0x0800d040   Number         0  anon$$obj.o(Region$$Table)
    Region$$Table$$Limit                     0x0800d070   Number         0  anon$$obj.o(Region$$Table)
    m_pstHwiForm                             0x20000000   Data        1024  los_hwi.o(.vector.bss)
    Image$$ARM_LIB_STACKHEAP$$ZI$$Base       0x20000400   Number         0  anon$$obj.o ABSOLUTE
    Image$$ARM_LIB_STACKHEAP$$ZI$$Limit      0x20000800   Number         0  anon$$obj.o ABSOLUTE
    g_pstLosPriorityQueueList                0x20000800   Data           4  los_priqueue.o(.data)
    m_uwSwTmrHandlerQueue                    0x20000804   Data           4  los_swtmr.o(.data)
    m_pstSwtmrCBArray                        0x20000808   Data           4  los_swtmr.o(.data)
    m_pstSwtmrFreeList                       0x2000080c   Data           4  los_swtmr.o(.data)
    m_pstSwtmrSortList                       0x20000810   Data           4  los_swtmr.o(.data)
    g_pstTaskCBArray                         0x20000814   Data           4  los_task.o(.data)
    g_stLosTask                              0x20000818   Data           8  los_task.o(.data)
    g_usLosTaskLock                          0x20000820   Data           2  los_task.o(.data)
    g_uwTskMaxNum                            0x20000824   Data           4  los_task.o(.data)
    g_uwIdleTaskID                           0x20000828   Data           4  los_task.o(.data)
    g_uwSwtmrTaskID                          0x2000082c   Data           4  los_task.o(.data)
    g_stTaskTimerList                        0x20000830   Data           8  los_task.o(.data)
    g_stLosFreeTask                          0x20000838   Data           8  los_task.o(.data)
    g_stTskRecyleList                        0x20000840   Data           8  los_task.o(.data)
    g_stTskSortLink                          0x20000848   Data           8  los_task.o(.data)
    g_bTaskScheduled                         0x20000850   Data           4  los_task.o(.data)
    g_pfnTskSwitchHook                       0x20000854   Data           4  los_task.o(.data)
    g_ullTickCount                           0x20000858   Data           8  los_tick.o(.data)
    g_uwTicksPerSec                          0x20000860   Data           4  los_tick.o(.data)
    g_uwCyclePerSec                          0x20000864   Data           4  los_tick.o(.data)
    g_stTaskTimeSlice                        0x20000868   Data           8  los_timeslice.o(.data)
    g_pstAllMux                              0x20000870   Data           4  los_mux.o(.data)
    g_stUnusedMuxList                        0x20000874   Data           8  los_mux.o(.data)
    g_pstAllQueue                            0x2000087c   Data           4  los_queue.o(.data)
    g_stUnusedSemList                        0x20000880   Data           8  los_sem.o(.data)
    g_pstAllSem                              0x20000888   Data           4  los_sem.o(.data)
    m_aucSysMem0                             0x2000088c   Data           4  los_config.o(.data)
    g_sys_mem_addr_end                       0x20000890   Data           4  los_config.o(.data)
    g_uwCyclesPerTick                        0x20000894   Data           4  los_hw_tick.o(.data)
    g_vuwIntCount                            0x20000898   Data           4  los_hwi.o(.data)
    SystemCoreClock                          0x2000089c   Data           4  system_stm32f4xx.o(.data)
    AHBPrescTable                            0x200008a0   Data          16  system_stm32f4xx.o(.data)
    EthStatus                                0x200008c0   Data           4  lan8742a.o(.data)
    EthLinkStatus                            0x200008c4   Data           1  lan8742a.o(.data)
    DMATxDescToSet                           0x200008c8   Data           4  stm32f429_eth.o(.data)
    DMARxDescToGet                           0x200008cc   Data           4  stm32f429_eth.o(.data)
    DMA_RX_FRAME_infos                       0x200008d0   Data           4  stm32f429_eth.o(.data)
    Frame_Rx_index                           0x200008d4   Data           4  stm32f429_eth.o(.data)
    netconn_aborted                          0x200008d8   Data           1  sockets.o(.data)
    errno                                    0x200008dc   Data           4  sockets.o(.data)
    lock_tcpip_core                          0x200008f4   Data           4  tcpip.o(.data)
    netif_list                               0x20000948   Data           4  netif.o(.data)
    netif_default                            0x2000094c   Data           4  netif.o(.data)
    pbuf_free_ooseq_pending                  0x20000951   Data           1  pbuf.o(.data)
    tcp_ticks                                0x20000958   Data           4  tcp.o(.data)
    tcp_bound_pcbs                           0x2000095c   Data           4  tcp.o(.data)
    tcp_listen_pcbs                          0x20000960   Data           4  tcp.o(.data)
    tcp_active_pcbs                          0x20000964   Data           4  tcp.o(.data)
    tcp_tw_pcbs                              0x20000968   Data           4  tcp.o(.data)
    tcp_active_pcbs_changed                  0x2000096c   Data           1  tcp.o(.data)
    tcp_input_pcb                            0x20000998   Data           4  tcp_in.o(.data)
    udp_pcbs                                 0x200009ac   Data           4  udp.o(.data)
    Key1                                     0x200009b8   Data           8  main.o(.data)
    Key2                                     0x200009c0   Data           8  main.o(.data)
    LocalTime                                0x200009c8   Data           4  main.o(.data)
    __aeabi_stdin                            0x200009cc   Data           4  stdio_streams.o(.data)
    __aeabi_stdout                           0x200009d0   Data           4  stdio_streams.o(.data)
    __aeabi_stderr                           0x200009d4   Data           4  stdio_streams.o(.data)
    m_aucSwTmrHandlerPool                    0x200009dc   Data         208  los_swtmr.o(.bss)
    g_ucMemStart                             0x20000aac   Data       32768  los_memory.o(.bss)
    g_TskMemUsedInfo                         0x20008aac   Data          64  los_memstat.o(.bss)
    m_pstHwiSlaveForm                        0x20008aec   Data        1024  los_hwi.o(.bss)
    ETH_InitStructure                        0x20008eec   Data         188  lan8742a.o(.bss)
    DMARxDscrTab                             0x20008fa8   Data         160  stm32f429_eth.o(.bss)
    DMATxDscrTab                             0x20009048   Data         160  stm32f429_eth.o(.bss)
    Rx_Buff                                  0x200090e8   Data        7620  stm32f429_eth.o(.bss)
    Tx_Buff                                  0x2000aeac   Data        7620  stm32f429_eth.o(.bss)
    RX_Frame_Descriptor                      0x2000cc70   Data          12  stm32f429_eth.o(.bss)
    ip_data                                  0x2000cdbc   Data          24  ip.o(.bss)
    ram_heap                                 0x2000cdd4   Data       10252  mem.o(.bss)
    memp_memory_UDP_PCB_base                 0x2000f5e0   Data         128  memp.o(.bss)
    memp_memory_TCP_PCB_base                 0x2000f66a   Data         840  memp.o(.bss)
    memp_memory_TCP_PCB_LISTEN_base          0x2000f9bc   Data         224  memp.o(.bss)
    memp_memory_TCP_SEG_base                 0x2000faa6   Data         640  memp.o(.bss)
    memp_memory_REASSDATA_base               0x2000fd30   Data         160  memp.o(.bss)
    memp_memory_FRAG_PBUF_base               0x2000fdda   Data         360  memp.o(.bss)
    memp_memory_NETBUF_base                  0x2000ff4c   Data          32  memp.o(.bss)
    memp_memory_NETCONN_base                 0x2000ff76   Data         176  memp.o(.bss)
    memp_memory_TCPIP_MSG_API_base           0x20010030   Data         128  memp.o(.bss)
    memp_memory_TCPIP_MSG_INPKT_base         0x200100ba   Data         128  memp.o(.bss)
    memp_memory_SYS_TIMEOUT_base             0x20010144   Data          48  memp.o(.bss)
    memp_memory_PBUF_base                    0x2001017e   Data         256  memp.o(.bss)
    memp_memory_PBUF_POOL_base               0x20010288   Data        9696  memp.o(.bss)
    lwip_stats                               0x20012874   Data         252  stats.o(.bss)
    g_netif                                  0x20012980   Data          52  main.o(.bss)
    __stdin                                  0x200129b4   Data          84  stdio_streams.o(.bss)
    __stdout                                 0x20012a08   Data          84  stdio_streams.o(.bss)
    __stderr                                 0x20012a5c   Data          84  stdio_streams.o(.bss)
    __libspace_start                         0x20012ab0   Data          96  libspace.o(.bss)
    __temporary_stack_top$libspace           0x20012b10   Data           0  libspace.o(.bss)



==============================================================================

Memory Map of the image

  Image Entry point : 0x08000025

  Load Region LR_IROM1 (Base: 0x08000000, Size: 0x0000d64c, Max: 0x00200000, ABSOLUTE, COMPRESSED[0x0000d0ac])

    Execution Region ER_IROM1 (Base: 0x08000000, Size: 0x0000d070, Max: 0x00100000, ABSOLUTE)

    Base Addr    Size         Type   Attr      Idx    E Section Name        Object

    0x08000000   0x00000024   Code   RO         1264    RESET               los_vendor.o
    0x08000024   0x00000008   Code   RO        10714  * !!!main             c_w.l(__main.o)
    0x0800002c   0x00000034   Code   RO        11015    !!!scatter          c_w.l(__scatter.o)
    0x08000060   0x0000005a   Code   RO        11013    !!dczerorl2         c_w.l(__dczerorl2.o)
    0x080000ba   0x00000002   PAD
    0x080000bc   0x0000001c   Code   RO        11017    !!handler_zi        c_w.l(__scatter_zi.o)
    0x080000d8   0x00000000   Code   RO        10699    .ARM.Collect$$_printf_percent$$00000000  c_w.l(_printf_percent.o)
    0x080000d8   0x00000006   Code   RO        10698    .ARM.Collect$$_printf_percent$$00000009  c_w.l(_printf_d.o)
    0x080000de   0x00000004   Code   RO        10770    .ARM.Collect$$_printf_percent$$00000017  c_w.l(_printf_percent_end.o)
    0x080000e2   0x00000002   Code   RO        10935    .ARM.Collect$$libinit$$00000000  c_w.l(libinit.o)
    0x080000e4   0x00000004   Code   RO        10779    .ARM.Collect$$libinit$$00000001  c_w.l(libinit2.o)
    0x080000e8   0x00000000   Code   RO        10782    .ARM.Collect$$libinit$$00000004  c_w.l(libinit2.o)
    0x080000e8   0x00000008   Code   RO        10974    .ARM.Collect$$libinit$$00000007  c_w.l(libinit4.o)
    0x080000f0   0x00000000   Code   RO        10785    .ARM.Collect$$libinit$$0000000A  c_w.l(libinit2.o)
    0x080000f0   0x00000000   Code   RO        10787    .ARM.Collect$$libinit$$0000000C  c_w.l(libinit2.o)
    0x080000f0   0x00000000   Code   RO        10789    .ARM.Collect$$libinit$$0000000E  c_w.l(libinit2.o)
    0x080000f0   0x00000000   Code   RO        10792    .ARM.Collect$$libinit$$00000011  c_w.l(libinit2.o)
    0x080000f0   0x00000000   Code   RO        10794    .ARM.Collect$$libinit$$00000013  c_w.l(libinit2.o)
    0x080000f0   0x00000000   Code   RO        10796    .ARM.Collect$$libinit$$00000015  c_w.l(libinit2.o)
    0x080000f0   0x00000000   Code   RO        10798    .ARM.Collect$$libinit$$00000017  c_w.l(libinit2.o)
    0x080000f0   0x00000000   Code   RO        10800    .ARM.Collect$$libinit$$00000019  c_w.l(libinit2.o)
    0x080000f0   0x00000000   Code   RO        10802    .ARM.Collect$$libinit$$0000001B  c_w.l(libinit2.o)
    0x080000f0   0x00000000   Code   RO        10804    .ARM.Collect$$libinit$$0000001D  c_w.l(libinit2.o)
    0x080000f0   0x00000000   Code   RO        10806    .ARM.Collect$$libinit$$0000001F  c_w.l(libinit2.o)
    0x080000f0   0x00000000   Code   RO        10808    .ARM.Collect$$libinit$$00000021  c_w.l(libinit2.o)
    0x080000f0   0x00000000   Code   RO        10810    .ARM.Collect$$libinit$$00000023  c_w.l(libinit2.o)
    0x080000f0   0x00000004   Code   RO        10811    .ARM.Collect$$libinit$$00000024  c_w.l(libinit2.o)
    0x080000f4   0x00000000   Code   RO        10812    .ARM.Collect$$libinit$$00000025  c_w.l(libinit2.o)
    0x080000f4   0x00000000   Code   RO        10816    .ARM.Collect$$libinit$$0000002C  c_w.l(libinit2.o)
    0x080000f4   0x00000000   Code   RO        10818    .ARM.Collect$$libinit$$0000002E  c_w.l(libinit2.o)
    0x080000f4   0x00000000   Code   RO        10820    .ARM.Collect$$libinit$$00000030  c_w.l(libinit2.o)
    0x080000f4   0x00000000   Code   RO        10822    .ARM.Collect$$libinit$$00000032  c_w.l(libinit2.o)
    0x080000f4   0x00000002   Code   RO        10823    .ARM.Collect$$libinit$$00000033  c_w.l(libinit2.o)
    0x080000f6   0x00000002   PAD
    0x080000f8   0x00000008   Code   RO        10975    .ARM.Collect$$libinit$$00002718  c_w.l(libinit4.o)
    0x08000100   0x00000002   Code   RO        11010    .ARM.Collect$$libshutdown$$00000000  c_w.l(libshutdown.o)
    0x08000102   0x00000000   Code   RO        10937    .ARM.Collect$$libshutdown$$00000002  c_w.l(libshutdown2.o)
    0x08000102   0x00000004   Code   RO        10938    .ARM.Collect$$libshutdown$$00000003  c_w.l(libshutdown2.o)
    0x08000106   0x00000000   Code   RO        10939    .ARM.Collect$$libshutdown$$00000004  c_w.l(libshutdown2.o)
    0x08000106   0x00000000   Code   RO        10942    .ARM.Collect$$libshutdown$$00000007  c_w.l(libshutdown2.o)
    0x08000106   0x00000000   Code   RO        10945    .ARM.Collect$$libshutdown$$0000000A  c_w.l(libshutdown2.o)
    0x08000106   0x00000000   Code   RO        10947    .ARM.Collect$$libshutdown$$0000000C  c_w.l(libshutdown2.o)
    0x08000106   0x00000000   Code   RO        10950    .ARM.Collect$$libshutdown$$0000000F  c_w.l(libshutdown2.o)
    0x08000106   0x00000002   Code   RO        10951    .ARM.Collect$$libshutdown$$00000010  c_w.l(libshutdown2.o)
    0x08000108   0x00000000   Code   RO        10730    .ARM.Collect$$rtentry$$00000000  c_w.l(__rtentry.o)
    0x08000108   0x00000000   Code   RO        10835    .ARM.Collect$$rtentry$$00000002  c_w.l(__rtentry2.o)
    0x08000108   0x00000004   Code   RO        10849    .ARM.Collect$$rtentry$$00000006  c_w.l(__rtentry6.o)
    0x0800010c   0x00000000   Code   RO        10837    .ARM.Collect$$rtentry$$00000009  c_w.l(__rtentry2.o)
    0x0800010c   0x00000004   Code   RO        10838    .ARM.Collect$$rtentry$$0000000A  c_w.l(__rtentry2.o)
    0x08000110   0x00000000   Code   RO        10840    .ARM.Collect$$rtentry$$0000000C  c_w.l(__rtentry2.o)
    0x08000110   0x00000008   Code   RO        10841    .ARM.Collect$$rtentry$$0000000D  c_w.l(__rtentry2.o)
    0x08000118   0x00000004   Code   RO        10850    .ARM.Collect$$rtentry$$00002717  c_w.l(__rtentry6.o)
    0x0800011c   0x00000002   Code   RO        10956    .ARM.Collect$$rtexit$$00000000  c_w.l(rtexit.o)
    0x0800011e   0x00000000   Code   RO        10981    .ARM.Collect$$rtexit$$00000002  c_w.l(rtexit2.o)
    0x0800011e   0x00000004   Code   RO        10982    .ARM.Collect$$rtexit$$00000003  c_w.l(rtexit2.o)
    0x08000122   0x00000006   Code   RO        10983    .ARM.Collect$$rtexit$$00000004  c_w.l(rtexit2.o)
    0x08000128   0x00000006   Code   RO         1211    .emb_text           los_hwi.o
    0x0800012e   0x00000002   PAD
    0x08000130   0x00000000   Code   RO        10858    .emb_text           c_w.l(maybetermalloc1.o)
    0x08000130   0x000000e4   Code   RO         1261    .text               los_dispatch.o
    0x08000214   0x0000005e   Code   RO        10603    .text               c_w.l(h1_alloc.o)
    0x08000272   0x0000004e   Code   RO        10605    .text               c_w.l(h1_free.o)
    0x080002c0   0x000000ee   Code   RO        10661    .text               c_w.l(lludivv7m.o)
    0x080003ae   0x00000002   PAD
    0x080003b0   0x00000018   Code   RO        10667    .text               c_w.l(noretval__2printf.o)
    0x080003c8   0x00000068   Code   RO        10671    .text               c_w.l(__printf.o)
    0x08000430   0x00000078   Code   RO        10675    .text               c_w.l(_printf_dec.o)
    0x080004a8   0x00000058   Code   RO        10700    .text               c_w.l(memcmp.o)
    0x08000500   0x0000003e   Code   RO        10702    .text               c_w.l(strlen.o)
    0x0800053e   0x0000008a   Code   RO        10706    .text               c_w.l(rt_memcpy_v6.o)
    0x080005c8   0x00000064   Code   RO        10708    .text               c_w.l(rt_memcpy_w.o)
    0x0800062c   0x0000004e   Code   RO        10712    .text               c_w.l(rt_memclr_w.o)
    0x0800067a   0x00000002   PAD
    0x0800067c   0x00000008   Code   RO        10738    .text               c_w.l(rt_heap_descriptor_intlibspace.o)
    0x08000684   0x00000004   Code   RO        10740    .text               c_w.l(hguard.o)
    0x08000688   0x0000008a   Code   RO        10742    .text               c_w.l(init_alloc.o)
    0x08000712   0x0000000e   Code   RO        10746    .text               c_w.l(h1_init.o)
    0x08000720   0x000000b2   Code   RO        10760    .text               c_w.l(_printf_intcommon.o)
    0x080007d2   0x00000002   PAD
    0x080007d4   0x00000030   Code   RO        10762    .text               c_w.l(_printf_char_common.o)
    0x08000804   0x00000024   Code   RO        10768    .text               c_w.l(_printf_char_file.o)
    0x08000828   0x00000034   Code   RO        10860    .text               c_w.l(h1_extend.o)
    0x0800085c   0x00000008   Code   RO        10866    .text               c_w.l(ferror.o)
    0x08000864   0x00000138   Code   RO        10868    .text               c_w.l(initio.o)
    0x0800099c   0x0000000e   Code   RO        10874    .text               c_w.l(defsig_rtmem_outer.o)
    0x080009aa   0x00000002   PAD
    0x080009ac   0x00000050   Code   RO        10878    .text               c_w.l(heapauxa.o)
    0x080009fc   0x00000066   Code   RO        10887    .text               c_w.l(sys_io.o)
    0x08000a62   0x00000002   Code   RO        10892    .text               c_w.l(use_no_semi.o)
    0x08000a64   0x00000000   Code   RO        10894    .text               c_w.l(indicate_semi.o)
    0x08000a64   0x00000046   Code   RO        10901    .text               c_w.l(setvbuf.o)
    0x08000aaa   0x00000002   PAD
    0x08000aac   0x000000ec   Code   RO        10904    .text               c_w.l(fopen.o)
    0x08000b98   0x0000004c   Code   RO        10906    .text               c_w.l(fclose.o)
    0x08000be4   0x00000012   Code   RO        10912    .text               c_w.l(exit.o)
    0x08000bf6   0x0000000a   Code   RO        10914    .text               c_w.l(defsig_exit.o)
    0x08000c00   0x0000000e   Code   RO        10920    .text               c_w.l(defsig_rtred_outer.o)
    0x08000c0e   0x00000002   PAD
    0x08000c10   0x00000050   Code   RO        10924    .text               c_w.l(defsig_rtmem_inner.o)
    0x08000c60   0x0000000c   Code   RO        10952    .text               c_w.l(sys_exit.o)
    0x08000c6c   0x000000f8   Code   RO        10962    .text               c_w.l(fseek.o)
    0x08000d64   0x000000f0   Code   RO        10964    .text               c_w.l(stdio.o)
    0x08000e54   0x00000032   Code   RO        10968    .text               c_w.l(defsig_general.o)
    0x08000e86   0x00000002   PAD
    0x08000e88   0x00000034   Code   RO        10972    .text               c_w.l(defsig_rtred_inner.o)
    0x08000ebc   0x0000000e   Code   RO        10978    .text               c_w.l(sys_wrch.o)
    0x08000eca   0x00000042   Code   RO        10987    .text               c_w.l(ftell.o)
    0x08000f0c   0x00000008   Code   RO        10994    .text               c_w.l(rt_errno_addr_intlibspace.o)
    0x08000f14   0x000000a0   Code   RO         7582    i.Debug_USART_Config  bsp_debug_usart.o
    0x08000fb4   0x0000002c   Code   RO         6824    i.ETH_BSP_Config    lan8742a.o
    0x08000fe0   0x00000024   Code   RO         6975    i.ETH_DMAReceptionCmd  stm32f429_eth.o
    0x08001004   0x00000064   Code   RO         6976    i.ETH_DMARxDescChainInit  stm32f429_eth.o
    0x08001068   0x00000016   Code   RO         6977    i.ETH_DMARxDescReceiveITConfig  stm32f429_eth.o
    0x0800107e   0x00000002   PAD
    0x08001080   0x00000024   Code   RO         6978    i.ETH_DMATransmissionCmd  stm32f429_eth.o
    0x080010a4   0x00000050   Code   RO         6981    i.ETH_DMATxDescChainInit  stm32f429_eth.o
    0x080010f4   0x00000016   Code   RO         6987    i.ETH_DeInit        stm32f429_eth.o
    0x0800110a   0x0000001c   Code   RO         6988    i.ETH_Delay         stm32f429_eth.o
    0x08001126   0x00000002   PAD
    0x08001128   0x0000002c   Code   RO         6990    i.ETH_FlushTransmitFIFO  stm32f429_eth.o
    0x08001154   0x00000154   Code   RO         6827    i.ETH_GPIO_Config   lan8742a.o
    0x080012a8   0x00000018   Code   RO         7016    i.ETH_GetSoftwareResetStatus  stm32f429_eth.o
    0x080012c0   0x00000118   Code   RO         7019    i.ETH_Get_Received_Frame_interrupt  stm32f429_eth.o
    0x080013d8   0x00000328   Code   RO         7021    i.ETH_Init          stm32f429_eth.o
    0x08001700   0x00000034   Code   RO         7023    i.ETH_MACAddressConfig  stm32f429_eth.o
    0x08001734   0x00000098   Code   RO         6828    i.ETH_MACDMA_Config  lan8742a.o
    0x080017cc   0x00000040   Code   RO         7028    i.ETH_MACReceptionCmd  stm32f429_eth.o
    0x0800180c   0x00000040   Code   RO         7029    i.ETH_MACTransmissionCmd  stm32f429_eth.o
    0x0800184c   0x000000cc   Code   RO         7040    i.ETH_Prepare_Transmit_Descriptors  stm32f429_eth.o
    0x08001918   0x0000006c   Code   RO         7041    i.ETH_ReadPHYRegister  stm32f429_eth.o
    0x08001984   0x00000014   Code   RO         7049    i.ETH_SoftwareReset  stm32f429_eth.o
    0x08001998   0x00000020   Code   RO         7050    i.ETH_Start         stm32f429_eth.o
    0x080019b8   0x000000b2   Code   RO         7052    i.ETH_StructInit    stm32f429_eth.o
    0x08001a6a   0x00000002   PAD
    0x08001a6c   0x00000068   Code   RO         7054    i.ETH_WritePHYRegister  stm32f429_eth.o
    0x08001ad4   0x00000090   Code   RO         3640    i.GPIO_Init         stm32f4xx_gpio.o
    0x08001b64   0x00000046   Code   RO         3641    i.GPIO_PinAFConfig  stm32f4xx_gpio.o
    0x08001baa   0x00000012   Code   RO         3644    i.GPIO_ReadInputDataBit  stm32f4xx_gpio.o
    0x08001bbc   0x00000004   Code   RO         3647    i.GPIO_ResetBits    stm32f4xx_gpio.o
    0x08001bc0   0x00000004   Code   RO         3648    i.GPIO_SetBits      stm32f4xx_gpio.o
    0x08001bc4   0x00000018   Code   RO         6755    i.GetPinStateOfKey1  bsp_key.o
    0x08001bdc   0x0000001c   Code   RO         6756    i.GetPinStateOfKey2  bsp_key.o
    0x08001bf8   0x0000002c   Code   RO         6757    i.Key1_GPIO_Config  bsp_key.o
    0x08001c24   0x0000002c   Code   RO         6758    i.Key2_GPIO_Config  bsp_key.o
    0x08001c50   0x00000012   Code   RO         6759    i.KeyCreate         bsp_key.o
    0x08001c62   0x00000002   PAD
    0x08001c64   0x00000080   Code   RO         7505    i.LED_GPIO_Config   bsp_led.o
    0x08001ce4   0x0000001c   Code   RO          870    i.LOS_Align         los_misc.o
    0x08001d00   0x0000001e   Code   RO         1075    i.LOS_DLnkInitMultiHead  los_multipledlinkhead.o
    0x08001d1e   0x0000002a   Code   RO         1076    i.LOS_DLnkMultiHead  los_multipledlinkhead.o
    0x08001d48   0x0000000e   Code   RO          321    i.LOS_ListAdd       los_task.o
    0x08001d56   0x0000000e   Code   RO          621    i.LOS_ListAdd       los_mux.o
    0x08001d64   0x0000000e   Code   RO          695    i.LOS_ListAdd       los_queue.o
    0x08001d72   0x0000000e   Code   RO          800    i.LOS_ListAdd       los_sem.o
    0x08001d80   0x0000000e   Code   RO          921    i.LOS_ListAdd       los_memory.o
    0x08001d8e   0x00000014   Code   RO          322    i.LOS_ListDelete    los_task.o
    0x08001da2   0x00000014   Code   RO          622    i.LOS_ListDelete    los_mux.o
    0x08001db6   0x00000014   Code   RO          801    i.LOS_ListDelete    los_sem.o
    0x08001dca   0x00000014   Code   RO          922    i.LOS_ListDelete    los_memory.o
    0x08001dde   0x00000010   Code   RO          323    i.LOS_ListEmpty     los_task.o
    0x08001dee   0x00000010   Code   RO          623    i.LOS_ListEmpty     los_mux.o
    0x08001dfe   0x00000010   Code   RO          696    i.LOS_ListEmpty     los_queue.o
    0x08001e0e   0x00000010   Code   RO          802    i.LOS_ListEmpty     los_sem.o
    0x08001e1e   0x00000006   Code   RO          324    i.LOS_ListInit      los_task.o
    0x08001e24   0x00000006   Code   RO          624    i.LOS_ListInit      los_mux.o
    0x08001e2a   0x00000006   Code   RO          697    i.LOS_ListInit      los_queue.o
    0x08001e30   0x00000006   Code   RO          803    i.LOS_ListInit      los_sem.o
    0x08001e36   0x00000010   Code   RO          325    i.LOS_ListTailInsert  los_task.o
    0x08001e46   0x00000010   Code   RO          625    i.LOS_ListTailInsert  los_mux.o
    0x08001e56   0x00000010   Code   RO          804    i.LOS_ListTailInsert  los_sem.o
    0x08001e66   0x00000002   PAD
    0x08001e68   0x00000144   Code   RO         1077    i.LOS_Log2          los_multipledlinkhead.o
    0x08001fac   0x00000028   Code   RO          250    i.LOS_MS2Tick       los_sys.o
    0x08001fd4   0x0000003a   Code   RO          923    i.LOS_MemAlloc      los_memory.o
    0x0800200e   0x0000006c   Code   RO          924    i.LOS_MemAllocAlign  los_memory.o
    0x0800207a   0x00000054   Code   RO          925    i.LOS_MemFree       los_memory.o
    0x080020ce   0x000000a6   Code   RO          926    i.LOS_MemInit       los_memory.o
    0x08002174   0x00000040   Code   RO          888    i.LOS_MemboxAlloc   los_membox.o
    0x080021b4   0x000000a4   Code   RO          890    i.LOS_MemboxFree    los_membox.o
    0x08002258   0x00000080   Code   RO          891    i.LOS_MemboxInit    los_membox.o
    0x080022d8   0x00000064   Code   RO          626    i.LOS_MuxCreate     los_mux.o
    0x0800233c   0x00000148   Code   RO          628    i.LOS_MuxPend       los_mux.o
    0x08002484   0x00000100   Code   RO          629    i.LOS_MuxPost       los_mux.o
    0x08002584   0x00000018   Code   RO            2    i.LOS_PriqueueDequeue  los_priqueue.o
    0x0800259c   0x00000024   Code   RO            3    i.LOS_PriqueueEnqueue  los_priqueue.o
    0x080025c0   0x00000028   Code   RO            4    i.LOS_PriqueueSize  los_priqueue.o
    0x080025e8   0x0000003c   Code   RO            5    i.LOS_PriqueueTop   los_priqueue.o
    0x08002624   0x0000007c   Code   RO          698    i.LOS_QueueCreate   los_queue.o
    0x080026a0   0x000000b0   Code   RO          699    i.LOS_QueueDelete   los_queue.o
    0x08002750   0x00000130   Code   RO          700    i.LOS_QueueRead     los_queue.o
    0x08002880   0x0000013c   Code   RO          701    i.LOS_QueueWrite    los_queue.o
    0x080029bc   0x00000040   Code   RO         1160    i.LOS_Schedule      los_hw.o
    0x080029fc   0x0000006c   Code   RO          805    i.LOS_SemCreate     los_sem.o
    0x08002a68   0x00000060   Code   RO          806    i.LOS_SemDelete     los_sem.o
    0x08002ac8   0x00000100   Code   RO          807    i.LOS_SemPend       los_sem.o
    0x08002bc8   0x000000b8   Code   RO          808    i.LOS_SemPost       los_sem.o
    0x08002c80   0x00000016   Code   RO         1108    i.LOS_Start         los_config.o
    0x08002c96   0x00000002   PAD
    0x08002c98   0x0000009c   Code   RO          326    i.LOS_TaskCreate    los_task.o
    0x08002d34   0x00000184   Code   RO          327    i.LOS_TaskCreateOnly  los_task.o
    0x08002eb8   0x00000080   Code   RO          328    i.LOS_TaskDelay     los_task.o
    0x08002f38   0x00000020   Code   RO          330    i.LOS_TaskLock      los_task.o
    0x08002f58   0x0000003c   Code   RO          335    i.LOS_TaskUnlock    los_task.o
    0x08002f94   0x00000084   Code   RO          336    i.LOS_TaskYield     los_task.o
    0x08003018   0x00000078   Code   RO         1758    i.NVIC_Init         misc.o
    0x08003090   0x00000028   Code   RO         7533    i.NVIC_SetPriority  bsp_systick.o
    0x080030b8   0x00000020   Code   RO         4554    i.RCC_AHB1PeriphClockCmd  stm32f4xx_rcc.o
    0x080030d8   0x00000020   Code   RO         4556    i.RCC_AHB1PeriphResetCmd  stm32f4xx_rcc.o
    0x080030f8   0x00000020   Code   RO         4563    i.RCC_APB1PeriphClockCmd  stm32f4xx_rcc.o
    0x08003118   0x00000020   Code   RO         4566    i.RCC_APB2PeriphClockCmd  stm32f4xx_rcc.o
    0x08003138   0x000000e8   Code   RO         4575    i.RCC_GetClocksFreq  stm32f4xx_rcc.o
    0x08003220   0x0000000c   Code   RO         5873    i.SYSCFG_ETH_MediaInterfaceConfig  stm32f4xx_syscfg.o
    0x0800322c   0x00000050   Code   RO         7534    i.SysTick_Init      bsp_systick.o
    0x0800327c   0x0000005c   Code   RO        10342    i.TIM3_Config       main.o
    0x080032d8   0x00000018   Code   RO         5947    i.TIM_Cmd           stm32f4xx_tim.o
    0x080032f0   0x00000012   Code   RO         5972    i.TIM_ITConfig      stm32f4xx_tim.o
    0x08003302   0x00000002   PAD
    0x08003304   0x00000084   Code   RO         6019    i.TIM_TimeBaseInit  stm32f4xx_tim.o
    0x08003388   0x00000012   Code   RO         6497    i.USART_ClearFlag   stm32f4xx_usart.o
    0x0800339a   0x00000018   Code   RO         6501    i.USART_Cmd         stm32f4xx_usart.o
    0x080033b2   0x0000001a   Code   RO         6504    i.USART_GetFlagStatus  stm32f4xx_usart.o
    0x080033cc   0x000000d4   Code   RO         6508    i.USART_Init        stm32f4xx_usart.o
    0x080034a0   0x00000008   Code   RO         6518    i.USART_SendData    stm32f4xx_usart.o
    0x080034a8   0x0000009c   Code   RO         7685    i.alloc_socket      sockets.o
    0x08003544   0x0000001c   Code   RO        10126    i.arp_timer         ethernetif.o
    0x08003560   0x0000001c   Code   RO         9912    i.cyclic_timer      timeouts.o
    0x0800357c   0x00000020   Code   RO         9001    i.do_memp_free_pool  memp.o
    0x0800359c   0x00000042   Code   RO         9002    i.do_memp_malloc_pool  memp.o
    0x080035de   0x000000ee   Code   RO         7686    i.err_tcp           sockets.o
    0x080036cc   0x00000020   Code   RO         7633    i.err_to_errno      err.o
    0x080036ec   0x00000038   Code   RO         8411    i.etharp_cleanup_netif  etharp.o
    0x08003724   0x00000164   Code   RO         8413    i.etharp_find_entry  etharp.o
    0x08003888   0x00000040   Code   RO         8414    i.etharp_free_entry  etharp.o
    0x080038c8   0x000000e8   Code   RO         8416    i.etharp_input      etharp.o
    0x080039b0   0x00000144   Code   RO         8417    i.etharp_output     etharp.o
    0x08003af4   0x000000b8   Code   RO         8418    i.etharp_output_to_arp_index  etharp.o
    0x08003bac   0x00000190   Code   RO         8419    i.etharp_query      etharp.o
    0x08003d3c   0x000000b4   Code   RO         8420    i.etharp_raw        etharp.o
    0x08003df0   0x00000018   Code   RO         8422    i.etharp_request    etharp.o
    0x08003e08   0x0000002c   Code   RO         8423    i.etharp_request_dst  etharp.o
    0x08003e34   0x000000e0   Code   RO         8424    i.etharp_tmr        etharp.o
    0x08003f14   0x000000ec   Code   RO         8425    i.etharp_update_arp_entry  etharp.o
    0x08004000   0x00000110   Code   RO        10099    i.ethernet_input    ethernet.o
    0x08004110   0x00000064   Code   RO        10100    i.ethernet_output   ethernet.o
    0x08004174   0x00000040   Code   RO        10127    i.ethernetif_init   ethernetif.o
    0x080041b4   0x00000034   Code   RO        10128    i.ethernetif_input  ethernetif.o
    0x080041e8   0x0000017c   Code   RO         7687    i.event_callback    sockets.o
    0x08004364   0x00000024   Code   RO         7584    i.fputc             bsp_debug_usart.o
    0x08004388   0x00000040   Code   RO        10188    i.get_prio          sys_arch.o
    0x080043c8   0x00000044   Code   RO         7689    i.get_socket        sockets.o
    0x0800440c   0x00000012   Code   RO         8525    i.icmp_dest_unreach  icmp.o
    0x0800441e   0x00000002   PAD
    0x08004420   0x00000208   Code   RO         8526    i.icmp_input        icmp.o
    0x08004628   0x00000090   Code   RO         8527    i.icmp_send_response  icmp.o
    0x080046b8   0x00000012   Code   RO         8528    i.icmp_time_exceeded  icmp.o
    0x080046ca   0x00000014   Code   RO         8808    i.inet_chksum       inet_chksum.o
    0x080046de   0x0000004c   Code   RO         8810    i.inet_chksum_pseudo  inet_chksum.o
    0x0800472a   0x0000007e   Code   RO         8812    i.inet_cksum_pseudo_base  inet_chksum.o
    0x080047a8   0x0000004e   Code   RO         8633    i.ip4_addr_isbroadcast_u32  ip4_addr.o
    0x080047f6   0x00000002   PAD
    0x080047f8   0x000001d0   Code   RO         8686    i.ip4_frag          ip4_frag.o
    0x080049c8   0x00000258   Code   RO         8574    i.ip4_input         ip4.o
    0x08004c20   0x00000036   Code   RO         8576    i.ip4_output_if     ip4.o
    0x08004c56   0x00000002   PAD
    0x08004c58   0x00000148   Code   RO         8577    i.ip4_output_if_src  ip4.o
    0x08004da0   0x0000022c   Code   RO         8687    i.ip4_reass         ip4_frag.o
    0x08004fcc   0x000000a4   Code   RO         8578    i.ip4_route         ip4.o
    0x08005070   0x0000018c   Code   RO         8635    i.ip4addr_aton      ip4_addr.o
    0x080051fc   0x00000024   Code   RO         8814    i.ip_chksum_pseudo  inet_chksum.o
    0x08005220   0x0000000a   Code   RO         8688    i.ip_frag_alloc_pbuf_custom_ref  ip4_frag.o
    0x0800522a   0x00000012   Code   RO         8689    i.ip_frag_free_pbuf_custom_ref  ip4_frag.o
    0x0800523c   0x00000194   Code   RO         8690    i.ip_reass_chain_frag_into_datagram_and_validate  ip4_frag.o
    0x080053d0   0x0000002c   Code   RO         8691    i.ip_reass_dequeue_datagram  ip4_frag.o
    0x080053fc   0x00000064   Code   RO         8692    i.ip_reass_enqueue_new_datagram  ip4_frag.o
    0x08005460   0x000000a0   Code   RO         8693    i.ip_reass_free_complete_datagram  ip4_frag.o
    0x08005500   0x00000088   Code   RO         8694    i.ip_reass_remove_oldest_datagram  ip4_frag.o
    0x08005588   0x00000034   Code   RO         8695    i.ip_reass_tmr      ip4_frag.o
    0x080055bc   0x00000018   Code   RO         8638    i.ipaddr_addr       ip4_addr.o
    0x080055d4   0x00000020   Code   RO         8696    i.ipfrag_free_pbuf_custom  ip4_frag.o
    0x080055f4   0x000000a0   Code   RO        10129    i.low_level_init    ethernetif.o
    0x08005694   0x000000f0   Code   RO        10130    i.low_level_input   ethernetif.o
    0x08005784   0x000000b0   Code   RO        10131    i.low_level_output  ethernetif.o
    0x08005834   0x0000001a   Code   RO         8759    i.lwip_htonl        def.o
    0x0800584e   0x0000000c   Code   RO         8760    i.lwip_htons        def.o
    0x0800585a   0x0000002e   Code   RO         8876    i.lwip_init         init.o
    0x08005888   0x000001b8   Code   RO         7704    i.lwip_netconn_do_close_internal  sockets.o
    0x08005a40   0x000000fc   Code   RO         7707    i.lwip_netconn_do_delconn  sockets.o
    0x08005b3c   0x00000032   Code   RO         7711    i.lwip_netconn_do_newconn  sockets.o
    0x08005b6e   0x0000007e   Code   RO         7713    i.lwip_netconn_do_send  sockets.o
    0x08005bec   0x000000a8   Code   RO         7714    i.lwip_netconn_do_write  sockets.o
    0x08005c94   0x000001d8   Code   RO         7715    i.lwip_netconn_do_writemore  sockets.o
    0x08005e6c   0x0000009c   Code   RO         7721    i.lwip_send         sockets.o
    0x08005f08   0x000000f8   Code   RO         7723    i.lwip_sendto       sockets.o
    0x08006000   0x000000a8   Code   RO         7727    i.lwip_socket       sockets.o
    0x080060a8   0x0000005e   Code   RO         8816    i.lwip_standard_chksum  inet_chksum.o
    0x08006106   0x00000016   Code   RO         1109    i.main              los_config.o
    0x0800611c   0x00000094   Code   RO         8943    i.mem_free          mem.o
    0x080061b0   0x00000078   Code   RO         8944    i.mem_init          mem.o
    0x08006228   0x00000148   Code   RO         8945    i.mem_malloc        mem.o
    0x08006370   0x0000015c   Code   RO         8946    i.mem_trim          mem.o
    0x080064cc   0x00000028   Code   RO         9003    i.memp_free         memp.o
    0x080064f4   0x00000030   Code   RO         9005    i.memp_init         memp.o
    0x08006524   0x0000002c   Code   RO         9006    i.memp_init_pool    memp.o
    0x08006550   0x00000024   Code   RO         9007    i.memp_malloc       memp.o
    0x08006574   0x00000020   Code   RO         7735    i.netbuf_delete     sockets.o
    0x08006594   0x00000020   Code   RO         7737    i.netbuf_free       sockets.o
    0x080065b4   0x0000004a   Code   RO         7740    i.netbuf_ref        sockets.o
    0x080065fe   0x0000008a   Code   RO         7742    i.netconn_alloc     sockets.o
    0x08006688   0x00000022   Code   RO         7743    i.netconn_apimsg    sockets.o
    0x080066aa   0x00000002   PAD
    0x080066ac   0x00000034   Code   RO         7748    i.netconn_delete    sockets.o
    0x080066e0   0x000000b4   Code   RO         7750    i.netconn_drain     sockets.o
    0x08006794   0x0000003a   Code   RO         7751    i.netconn_free      sockets.o
    0x080067ce   0x00000002   PAD
    0x080067d0   0x00000084   Code   RO         7754    i.netconn_new_with_proto_and_callback  sockets.o
    0x08006854   0x0000002c   Code   RO         7758    i.netconn_send      sockets.o
    0x08006880   0x00000094   Code   RO         7761    i.netconn_write_partly  sockets.o
    0x08006914   0x00000078   Code   RO         9093    i.netif_add         netif.o
    0x0800698c   0x00000002   Code   RO         9095    i.netif_init        netif.o
    0x0800698e   0x00000024   Code   RO         9097    i.netif_issue_reports  netif.o
    0x080069b2   0x00000048   Code   RO         9099    i.netif_set_addr    netif.o
    0x080069fa   0x00000002   PAD
    0x080069fc   0x0000000c   Code   RO         9100    i.netif_set_default  netif.o
    0x08006a08   0x0000002a   Code   RO         9101    i.netif_set_down    netif.o
    0x08006a32   0x0000000c   Code   RO         9102    i.netif_set_gw      netif.o
    0x08006a3e   0x00000002   PAD
    0x08006a40   0x0000004c   Code   RO         9103    i.netif_set_ipaddr  netif.o
    0x08006a8c   0x0000000c   Code   RO         9107    i.netif_set_netmask  netif.o
    0x08006a98   0x0000002c   Code   RO         9108    i.netif_set_up      netif.o
    0x08006ac4   0x000001bc   Code   RO        10344    i.osAppInit         main.o
    0x08006c80   0x00000008   Code   RO         1214    i.osHwiDefaultHandler  los_hwi.o
    0x08006c88   0x00000030   Code   RO         1215    i.osHwiInit         los_hwi.o
    0x08006cb8   0x00000004   Code   RO          337    i.osIdleTask        los_task.o
    0x08006cbc   0x0000004c   Code   RO          338    i.osIdleTaskCreate  los_task.o
    0x08006d08   0x00000050   Code   RO         1216    i.osInterrupt       los_hwi.o
    0x08006d58   0x0000000c   Code   RO         1420    i.osKernelSysTick   cmsis_liteos.o
    0x08006d64   0x00000072   Code   RO         1111    i.osMain            los_config.o
    0x08006dd6   0x0000005c   Code   RO          928    i.osMemAllocWithCheck  los_memory.o
    0x08006e32   0x00000098   Code   RO          929    i.osMemCheckUsedNode  los_memory.o
    0x08006eca   0x00000050   Code   RO          930    i.osMemFindSuitableFreeBlock  los_memory.o
    0x08006f1a   0x000000b2   Code   RO          931    i.osMemFreeNode     los_memory.o
    0x08006fcc   0x0000003e   Code   RO          932    i.osMemIsNodeValid  los_memory.o
    0x0800700a   0x00000024   Code   RO          933    i.osMemMergeNode    los_memory.o
    0x0800702e   0x00000002   PAD
    0x08007030   0x00000020   Code   RO          934    i.osMemSetMagicNumAndTaskid  los_memory.o
    0x08007050   0x0000005c   Code   RO          935    i.osMemSpitNode     los_memory.o
    0x080070ac   0x00000024   Code   RO          936    i.osMemSystemInit   los_memory.o
    0x080070d0   0x0000002c   Code   RO         1428    i.osMessageCreate   cmsis_liteos.o
    0x080070fc   0x00000036   Code   RO         1429    i.osMessageDelete   cmsis_liteos.o
    0x08007132   0x00000002   PAD
    0x08007134   0x00000070   Code   RO         1430    i.osMessageGet      cmsis_liteos.o
    0x080071a4   0x00000058   Code   RO         1431    i.osMessagePut      cmsis_liteos.o
    0x080071fc   0x00000030   Code   RO         1432    i.osMutexCreate     cmsis_liteos.o
    0x0800722c   0x0000002c   Code   RO         1434    i.osMutexRelease    cmsis_liteos.o
    0x08007258   0x00000064   Code   RO         1435    i.osMutexWait       cmsis_liteos.o
    0x080072bc   0x0000005c   Code   RO          630    i.osMuxInit         los_mux.o
    0x08007318   0x00000048   Code   RO            7    i.osPriqueueInit    los_priqueue.o
    0x08007360   0x00000070   Code   RO          702    i.osQueueCreate     los_queue.o
    0x080073d0   0x00000038   Code   RO          703    i.osQueueInit       los_queue.o
    0x08007408   0x00000084   Code   RO          706    i.osQueuePend       los_queue.o
    0x0800748c   0x0000005a   Code   RO          707    i.osQueueWakeUp     los_queue.o
    0x080074e6   0x00000002   PAD
    0x080074e8   0x0000001c   Code   RO         1112    i.osRegister        los_config.o
    0x08007504   0x00000008   Code   RO         1161    i.osSchedule        los_hw.o
    0x0800750c   0x00000058   Code   RO          809    i.osSemInit         los_sem.o
    0x08007564   0x000000ac   Code   RO          118    i.osSwTmrInit       los_swtmr.o
    0x08007610   0x00000060   Code   RO          119    i.osSwTmrStart      los_swtmr.o
    0x08007670   0x00000050   Code   RO          120    i.osSwTmrTask       los_swtmr.o
    0x080076c0   0x00000048   Code   RO          121    i.osSwTmrTaskCreate  los_swtmr.o
    0x08007708   0x0000008c   Code   RO          122    i.osSwTmrTimeoutHandle  los_swtmr.o
    0x08007794   0x00000014   Code   RO          123    i.osSwtmrDelete     los_swtmr.o
    0x080077a8   0x00000024   Code   RO          124    i.osSwtmrScan       los_swtmr.o
    0x080077cc   0x000000c0   Code   RO          339    i.osTaskAdd2TimerList  los_task.o
    0x0800788c   0x000000a4   Code   RO          340    i.osTaskEntry       los_task.o
    0x08007930   0x00000006   Code   RO         1162    i.osTaskExit        los_hw.o
    0x08007936   0x00000002   PAD
    0x08007938   0x00000128   Code   RO          341    i.osTaskInit        los_task.o
    0x08007a60   0x00000034   Code   RO         1046    i.osTaskMemUsedDec  los_memstat.o
    0x08007a94   0x0000003c   Code   RO         1047    i.osTaskMemUsedInc  los_memstat.o
    0x08007ad0   0x00000038   Code   RO          342    i.osTaskPriModify   los_task.o
    0x08007b08   0x000000dc   Code   RO          343    i.osTaskScan        los_task.o
    0x08007be4   0x000000fc   Code   RO          344    i.osTaskSelfDelete  los_task.o
    0x08007ce0   0x00000078   Code   RO         1447    i.osThreadCreate    cmsis_liteos.o
    0x08007d58   0x00000028   Code   RO          521    i.osTickHandler     los_tick.o
    0x08007d80   0x00000058   Code   RO         1191    i.osTickStart       los_hw_tick.o
    0x08007dd8   0x00000048   Code   RO          345    i.osTimerListDelete  los_task.o
    0x08007e20   0x0000004c   Code   RO          549    i.osTimesliceCheck  los_timeslice.o
    0x08007e6c   0x00000010   Code   RO          550    i.osTimesliceInit   los_timeslice.o
    0x08007e7c   0x00000140   Code   RO         1163    i.osTskStackInit    los_hw.o
    0x08007fbc   0x00000186   Code   RO         9218    i.pbuf_alloc        pbuf.o
    0x08008142   0x00000062   Code   RO         9219    i.pbuf_alloced_custom  pbuf.o
    0x080081a4   0x00000038   Code   RO         9220    i.pbuf_cat          pbuf.o
    0x080081dc   0x00000016   Code   RO         9221    i.pbuf_chain        pbuf.o
    0x080081f2   0x00000012   Code   RO         9222    i.pbuf_clen         pbuf.o
    0x08008204   0x000000c0   Code   RO         9224    i.pbuf_copy         pbuf.o
    0x080082c4   0x00000092   Code   RO         9225    i.pbuf_copy_partial  pbuf.o
    0x08008356   0x00000086   Code   RO         9227    i.pbuf_free         pbuf.o
    0x080083dc   0x00000034   Code   RO         9228    i.pbuf_free_ooseq   pbuf.o
    0x08008410   0x0000000a   Code   RO         9229    i.pbuf_free_ooseq_callback  pbuf.o
    0x0800841a   0x00000012   Code   RO         9231    i.pbuf_header       pbuf.o
    0x0800842c   0x00000012   Code   RO         9232    i.pbuf_header_force  pbuf.o
    0x0800843e   0x0000008e   Code   RO         9233    i.pbuf_header_impl  pbuf.o
    0x080084cc   0x00000030   Code   RO         9236    i.pbuf_pool_is_empty  pbuf.o
    0x080084fc   0x00000080   Code   RO         9238    i.pbuf_realloc      pbuf.o
    0x0800857c   0x00000012   Code   RO         9239    i.pbuf_ref          pbuf.o
    0x0800858e   0x00000062   Code   RO         9242    i.pbuf_split_64k    pbuf.o
    0x080085f0   0x00000078   Code   RO         7762    i.pcb_new           sockets.o
    0x08008668   0x00000088   Code   RO         8947    i.plug_holes        mem.o
    0x080086f0   0x0000008e   Code   RO         7763    i.poll_tcp          sockets.o
    0x0800877e   0x00000086   Code   RO         7764    i.recv_tcp          sockets.o
    0x08008804   0x00000090   Code   RO         7765    i.recv_udp          sockets.o
    0x08008894   0x00000078   Code   RO         7766    i.sent_tcp          sockets.o
    0x0800890c   0x00000044   Code   RO         7767    i.setup_tcp         sockets.o
    0x08008950   0x00000002   Code   RO         9409    i.stats_init        stats.o
    0x08008952   0x00000094   Code   RO        10189    i.sys_arch_mbox_fetch  sys_arch.o
    0x080089e6   0x00000034   Code   RO        10190    i.sys_arch_mbox_tryfetch  sys_arch.o
    0x08008a1a   0x00000054   Code   RO        10192    i.sys_arch_sem_wait  sys_arch.o
    0x08008a6e   0x00000002   PAD
    0x08008a70   0x0000007c   Code   RO         9913    i.sys_check_timeouts  timeouts.o
    0x08008aec   0x0000000c   Code   RO        10195    i.sys_init          sys_arch.o
    0x08008af8   0x00000034   Code   RO        10196    i.sys_mbox_free     sys_arch.o
    0x08008b2c   0x00000054   Code   RO        10197    i.sys_mbox_new      sys_arch.o
    0x08008b80   0x0000001a   Code   RO        10198    i.sys_mbox_post     sys_arch.o
    0x08008b9a   0x00000006   Code   RO        10199    i.sys_mbox_set_invalid  sys_arch.o
    0x08008ba0   0x00000038   Code   RO        10200    i.sys_mbox_trypost  sys_arch.o
    0x08008bd8   0x0000000e   Code   RO        10201    i.sys_mbox_valid    sys_arch.o
    0x08008be6   0x00000010   Code   RO        10203    i.sys_mutex_lock    sys_arch.o
    0x08008bf6   0x00000002   PAD
    0x08008bf8   0x00000054   Code   RO        10204    i.sys_mutex_new     sys_arch.o
    0x08008c4c   0x0000000c   Code   RO        10205    i.sys_mutex_unlock  sys_arch.o
    0x08008c58   0x00000020   Code   RO        10206    i.sys_sem_free      sys_arch.o
    0x08008c78   0x00000064   Code   RO        10207    i.sys_sem_new       sys_arch.o
    0x08008cdc   0x00000006   Code   RO        10208    i.sys_sem_set_invalid  sys_arch.o
    0x08008ce2   0x0000000c   Code   RO        10209    i.sys_sem_signal    sys_arch.o
    0x08008cee   0x0000000e   Code   RO        10210    i.sys_sem_valid     sys_arch.o
    0x08008cfc   0x0000004c   Code   RO        10211    i.sys_thread_new    sys_arch.o
    0x08008d48   0x000000d4   Code   RO         9915    i.sys_timeout       timeouts.o
    0x08008e1c   0x00000034   Code   RO         9916    i.sys_timeouts_init  timeouts.o
    0x08008e50   0x00000040   Code   RO         9917    i.sys_timeouts_mbox_fetch  timeouts.o
    0x08008e90   0x00000038   Code   RO         9918    i.sys_timeouts_sleeptime  timeouts.o
    0x08008ec8   0x000000f8   Code   RO         9446    i.tcp_abandon       tcp.o
    0x08008fc0   0x0000000e   Code   RO         9447    i.tcp_abort         tcp.o
    0x08008fce   0x00000010   Code   RO         9448    i.tcp_accept        tcp.o
    0x08008fde   0x00000002   PAD
    0x08008fe0   0x00000114   Code   RO         9450    i.tcp_alloc         tcp.o
    0x080090f4   0x00000006   Code   RO         9451    i.tcp_arg           tcp.o
    0x080090fa   0x00000002   PAD
    0x080090fc   0x0000000c   Code   RO         9810    i.tcp_build_wnd_scale_option  tcp_out.o
    0x08009108   0x0000001c   Code   RO         9453    i.tcp_close         tcp.o
    0x08009124   0x00000178   Code   RO         9454    i.tcp_close_shutdown  tcp.o
    0x0800929c   0x0000006c   Code   RO         9455    i.tcp_close_shutdown_fin  tcp.o
    0x08009308   0x000000d8   Code   RO         9811    i.tcp_create_segment  tcp_out.o
    0x080093e0   0x0000003a   Code   RO         9458    i.tcp_eff_send_mss_impl  tcp.o
    0x0800941a   0x00000002   PAD
    0x0800941c   0x00000154   Code   RO         9812    i.tcp_enqueue_flags  tcp_out.o
    0x08009570   0x0000000c   Code   RO         9459    i.tcp_err           tcp.o
    0x0800957c   0x00000090   Code   RO         9460    i.tcp_fasttmr       tcp.o
    0x0800960c   0x00000058   Code   RO         9730    i.tcp_getoptbyte    tcp_in.o
    0x08009664   0x00000002   Code   RO         9461    i.tcp_init          tcp.o
    0x08009666   0x00000002   PAD
    0x08009668   0x00000624   Code   RO         9731    i.tcp_input         tcp_in.o
    0x08009c8c   0x0000004c   Code   RO         9732    i.tcp_input_delayed_close  tcp_in.o
    0x08009cd8   0x00000084   Code   RO         9813    i.tcp_keepalive     tcp_out.o
    0x08009d5c   0x00000058   Code   RO         9462    i.tcp_kill_prio     tcp.o
    0x08009db4   0x0000004c   Code   RO         9463    i.tcp_kill_state    tcp.o
    0x08009e00   0x0000003c   Code   RO         9464    i.tcp_kill_timewait  tcp.o
    0x08009e3c   0x0000002c   Code   RO         9465    i.tcp_listen_closed  tcp.o
    0x08009e68   0x0000015c   Code   RO         9733    i.tcp_listen_input  tcp_in.o
    0x08009fc4   0x00000054   Code   RO         9468    i.tcp_netif_ip_addr_changed  tcp.o
    0x0800a018   0x0000002a   Code   RO         9469    i.tcp_netif_ip_addr_changed_pcblist  tcp.o
    0x0800a042   0x00000010   Code   RO         9471    i.tcp_new_ip_type   tcp.o
    0x0800a052   0x00000002   PAD
    0x0800a054   0x00000020   Code   RO         9473    i.tcp_next_iss      tcp.o
    0x0800a074   0x00000090   Code   RO         9734    i.tcp_oos_insert_segment  tcp_in.o
    0x0800a104   0x00000258   Code   RO         9814    i.tcp_output        tcp_out.o
    0x0800a35c   0x0000009c   Code   RO         9815    i.tcp_output_alloc_header  tcp_out.o
    0x0800a3f8   0x00000140   Code   RO         9816    i.tcp_output_segment  tcp_out.o
    0x0800a538   0x00000108   Code   RO         9735    i.tcp_parseopt      tcp_in.o
    0x0800a640   0x00000070   Code   RO         9817    i.tcp_pbuf_prealloc  tcp_out.o
    0x0800a6b0   0x0000004e   Code   RO         9474    i.tcp_pcb_purge     tcp.o
    0x0800a6fe   0x0000007c   Code   RO         9475    i.tcp_pcb_remove    tcp.o
    0x0800a77a   0x0000000c   Code   RO         9476    i.tcp_poll          tcp.o
    0x0800a786   0x00000002   PAD
    0x0800a788   0x000005b4   Code   RO         9736    i.tcp_process       tcp_in.o
    0x0800ad3c   0x000000cc   Code   RO         9477    i.tcp_process_refused_data  tcp.o
    0x0800ae08   0x0000098c   Code   RO         9737    i.tcp_receive       tcp_in.o
    0x0800b794   0x0000000c   Code   RO         9478    i.tcp_recv          tcp.o
    0x0800b7a0   0x0000002e   Code   RO         9479    i.tcp_recv_null     tcp.o
    0x0800b7ce   0x0000008c   Code   RO         9480    i.tcp_recved        tcp.o
    0x0800b85a   0x0000001c   Code   RO         9481    i.tcp_remove_listener  tcp.o
    0x0800b876   0x00000062   Code   RO         9818    i.tcp_rexmit        tcp_out.o
    0x0800b8d8   0x00000052   Code   RO         9819    i.tcp_rexmit_fast   tcp_out.o
    0x0800b92a   0x00000042   Code   RO         9820    i.tcp_rexmit_rto    tcp_out.o
    0x0800b96c   0x000000ac   Code   RO         9821    i.tcp_rst           tcp_out.o
    0x0800ba18   0x00000024   Code   RO         9482    i.tcp_seg_copy      tcp.o
    0x0800ba3c   0x0000001a   Code   RO         9483    i.tcp_seg_free      tcp.o
    0x0800ba56   0x00000018   Code   RO         9484    i.tcp_segs_free     tcp.o
    0x0800ba6e   0x0000008e   Code   RO         9822    i.tcp_send_empty_ack  tcp_out.o
    0x0800bafc   0x0000004a   Code   RO         9823    i.tcp_send_fin      tcp_out.o
    0x0800bb46   0x0000000c   Code   RO         9485    i.tcp_sent          tcp.o
    0x0800bb52   0x00000068   Code   RO         9487    i.tcp_shutdown      tcp.o
    0x0800bbba   0x00000002   PAD
    0x0800bbbc   0x00000368   Code   RO         9488    i.tcp_slowtmr       tcp.o
    0x0800bf24   0x00000038   Code   RO         9920    i.tcp_timer_needed  timeouts.o
    0x0800bf5c   0x000000a4   Code   RO         9738    i.tcp_timewait_input  tcp_in.o
    0x0800c000   0x00000024   Code   RO         9489    i.tcp_tmr           tcp.o
    0x0800c024   0x00000014   Code   RO         9739    i.tcp_trigger_input_pcb_close  tcp_in.o
    0x0800c038   0x0000004a   Code   RO         9491    i.tcp_update_rcv_ann_wnd  tcp.o
    0x0800c082   0x00000002   PAD
    0x0800c084   0x00000468   Code   RO         9824    i.tcp_write         tcp_out.o
    0x0800c4ec   0x00000084   Code   RO         9825    i.tcp_write_checks  tcp_out.o
    0x0800c570   0x00000100   Code   RO         9826    i.tcp_zero_window_probe  tcp_out.o
    0x0800c670   0x0000005c   Code   RO         8284    i.tcpip_callback_with_block  tcpip.o
    0x0800c6cc   0x00000064   Code   RO         8287    i.tcpip_init        tcpip.o
    0x0800c730   0x00000050   Code   RO         8288    i.tcpip_inpkt       tcpip.o
    0x0800c780   0x00000030   Code   RO         8289    i.tcpip_input       tcpip.o
    0x0800c7b0   0x00000020   Code   RO         8290    i.tcpip_send_msg_wait_sem  tcpip.o
    0x0800c7d0   0x00000038   Code   RO         9921    i.tcpip_tcp_timer   timeouts.o
    0x0800c808   0x00000094   Code   RO         8291    i.tcpip_thread      tcpip.o
    0x0800c89c   0x00000094   Code   RO         9987    i.udp_bind          udp.o
    0x0800c930   0x00000002   Code   RO         9990    i.udp_init          udp.o
    0x0800c932   0x00000002   PAD
    0x0800c934   0x000001b0   Code   RO         9991    i.udp_input         udp.o
    0x0800cae4   0x00000048   Code   RO         9992    i.udp_input_local_match  udp.o
    0x0800cb2c   0x00000030   Code   RO         9993    i.udp_netif_ip_addr_changed  udp.o
    0x0800cb5c   0x0000001c   Code   RO         9994    i.udp_new           udp.o
    0x0800cb78   0x0000000e   Code   RO         9995    i.udp_new_ip_type   udp.o
    0x0800cb86   0x00000002   PAD
    0x0800cb88   0x00000058   Code   RO         9996    i.udp_new_port      udp.o
    0x0800cbe0   0x00000006   Code   RO         9997    i.udp_recv          udp.o
    0x0800cbe6   0x00000002   PAD
    0x0800cbe8   0x00000044   Code   RO         9998    i.udp_remove        udp.o
    0x0800cc2c   0x0000001e   Code   RO         9999    i.udp_send          udp.o
    0x0800cc4a   0x00000002   PAD
    0x0800cc4c   0x00000050   Code   RO        10000    i.udp_sendto        udp.o
    0x0800cc9c   0x00000052   Code   RO        10001    i.udp_sendto_if     udp.o
    0x0800ccee   0x00000002   PAD
    0x0800ccf0   0x000000fc   Code   RO        10002    i.udp_sendto_if_src  udp.o
    0x0800cdec   0x0000000a   Code   RO        10885    x$fpl$fpinit        fz_wm.l(fpinit.o)
    0x0800cdf6   0x00000002   PAD
    0x0800cdf8   0x00000044   Data   RO         7634    .constdata          err.o
    0x0800ce3c   0x00000008   Data   RO         8640    .constdata          ip4_addr.o
    0x0800ce44   0x00000104   Data   RO         9010    .constdata          memp.o
    0x0800cf48   0x00000050   Data   RO         9492    .constdata          tcp.o
    0x0800cf98   0x00000018   Data   RO         9922    .constdata          timeouts.o
    0x0800cfb0   0x0000000c   Data   RO        10101    .constdata          ethernet.o
    0x0800cfbc   0x00000004   Data   RO        10888    .constdata          c_w.l(sys_io.o)
    0x0800cfc0   0x00000004   Data   RO        10889    .constdata          c_w.l(sys_io.o)
    0x0800cfc4   0x00000004   Data   RO        10890    .constdata          c_w.l(sys_io.o)
    0x0800cfc8   0x00000075   Data   RO         9493    .conststring        tcp.o
    0x0800d03d   0x00000003   PAD
    0x0800d040   0x00000030   Data   RO        11011    Region$$Table       anon$$obj.o


    Execution Region VECTOR (Base: 0x20000000, Size: 0x00000400, Max: 0x00000400, ABSOLUTE, COMPRESSED[0x0000001c])

    Base Addr    Size         Type   Attr      Idx    E Section Name        Object

    0x20000000   0x00000400   Data   RW         1219    .vector.bss         los_hwi.o


    Execution Region ARM_LIB_STACKHEAP (Base: 0x20000400, Size: 0x00000400, Max: 0x00000400, ABSOLUTE)

    Base Addr    Size         Type   Attr      Idx    E Section Name        Object

    0x20000400   0x00000400   Zero   RW            1    ARM_LIB_STACKHEAP.bss  anon$$obj.o


    Execution Region RW_IRAM1 (Base: 0x20000800, Size: 0x00012310, Max: 0x0002f800, ABSOLUTE, COMPRESSED[0x00000020])

    Base Addr    Size         Type   Attr      Idx    E Section Name        Object

    0x20000800   0x00000004   Data   RW            8    .data               los_priqueue.o
    0x20000804   0x00000010   Data   RW          127    .data               los_swtmr.o
    0x20000814   0x00000044   Data   RW          346    .data               los_task.o
    0x20000858   0x00000010   Data   RW          522    .data               los_tick.o
    0x20000868   0x00000008   Data   RW          551    .data               los_timeslice.o
    0x20000870   0x0000000c   Data   RW          631    .data               los_mux.o
    0x2000087c   0x00000004   Data   RW          708    .data               los_queue.o
    0x20000880   0x0000000c   Data   RW          810    .data               los_sem.o
    0x2000088c   0x00000008   Data   RW         1113    .data               los_config.o
    0x20000894   0x00000004   Data   RW         1192    .data               los_hw_tick.o
    0x20000898   0x00000004   Data   RW         1218    .data               los_hwi.o
    0x2000089c   0x00000014   Data   RW         1273    .data               system_stm32f4xx.o
    0x200008b0   0x00000010   Data   RW         4607    .data               stm32f4xx_rcc.o
    0x200008c0   0x00000006   Data   RW         6831    .data               lan8742a.o
    0x200008c6   0x00000002   PAD
    0x200008c8   0x00000010   Data   RW         7056    .data               stm32f429_eth.o
    0x200008d8   0x00000010   Data   RW         7770    .data               sockets.o
    0x200008e8   0x00000010   Data   RW         8293    .data               tcpip.o
    0x200008f8   0x00000001   Data   RW         8427    .data               etharp.o
    0x200008f9   0x00000001   PAD
    0x200008fa   0x00000002   Data   RW         8579    .data               ip4.o
    0x200008fc   0x00000006   Data   RW         8697    .data               ip4_frag.o
    0x20000902   0x00000002   PAD
    0x20000904   0x00000010   Data   RW         8949    .data               mem.o
    0x20000914   0x00000034   Data   RW         9011    .data               memp.o
    0x20000948   0x00000009   Data   RW         9109    .data               netif.o
    0x20000951   0x00000001   Data   RW         9247    .data               pbuf.o
    0x20000952   0x00000002   PAD
    0x20000954   0x00000020   Data   RW         9494    .data               tcp.o
    0x20000974   0x00000028   Data   RW         9741    .data               tcp_in.o
    0x2000099c   0x0000000c   Data   RW         9923    .data               timeouts.o
    0x200009a8   0x00000008   Data   RW        10003    .data               udp.o
    0x200009b0   0x00000004   Data   RW        10132    .data               ethernetif.o
    0x200009b4   0x00000002   Data   RW        10212    .data               sys_arch.o
    0x200009b6   0x00000002   PAD
    0x200009b8   0x00000014   Data   RW        10346    .data               main.o
    0x200009cc   0x00000004   Data   RW        10774    .data               c_w.l(stdio_streams.o)
    0x200009d0   0x00000004   Data   RW        10775    .data               c_w.l(stdio_streams.o)
    0x200009d4   0x00000004   Data   RW        10776    .data               c_w.l(stdio_streams.o)
    0x200009d8   0x00000004   Data   RW        10879    .data               c_w.l(heapauxa.o)
    0x200009dc   0x000000d0   Zero   RW          126    .bss                los_swtmr.o
    0x20000aac   0x00008000   Zero   RW          937    .bss                los_memory.o
    0x20008aac   0x00000040   Zero   RW         1048    .bss                los_memstat.o
    0x20008aec   0x00000400   Zero   RW         1217    .bss                los_hwi.o
    0x20008eec   0x000000bc   Zero   RW         6830    .bss                lan8742a.o
    0x20008fa8   0x00003cd4   Zero   RW         7055    .bss                stm32f429_eth.o
    0x2000cc7c   0x00000050   Zero   RW         7769    .bss                sockets.o
    0x2000cccc   0x000000f0   Zero   RW         8426    .bss                etharp.o
    0x2000cdbc   0x00000018   Zero   RW         8930    .bss                ip.o
    0x2000cdd4   0x0000280c   Zero   RW         8948    .bss                mem.o
    0x2000f5e0   0x00003292   Zero   RW         9009    .bss                memp.o
    0x20012872   0x00000002   PAD
    0x20012874   0x000000fc   Zero   RW         9410    .bss                stats.o
    0x20012970   0x00000010   Zero   RW         9740    .bss                tcp_in.o
    0x20012980   0x00000034   Zero   RW        10345    .bss                main.o
    0x200129b4   0x00000054   Zero   RW        10771    .bss                c_w.l(stdio_streams.o)
    0x20012a08   0x00000054   Zero   RW        10772    .bss                c_w.l(stdio_streams.o)
    0x20012a5c   0x00000054   Zero   RW        10773    .bss                c_w.l(stdio_streams.o)
    0x20012ab0   0x00000060   Zero   RW        10832    .bss                c_w.l(libspace.o)


==============================================================================

Image component sizes


      Code (inc. data)   RO Data    RW Data    ZI Data      Debug   Object Name

         0          0          0          0          0       1468   api_lib.o
       196         12          0          0          0       1257   bsp_debug_usart.o
       158         20          0          0          0       3838   bsp_key.o
       128         10          0          0          0        574   bsp_led.o
       120         14          0          0          0      27518   bsp_systick.o
       622         40          0          0          0      20588   cmsis_liteos.o
        38          0          0          0          0       1034   def.o
        32          6         68          0          0       8043   err.o
      2324         80          0          1        240      14762   etharp.o
       372         14         12          0          0       2550   ethernet.o
       720         72          0          4          0      41202   ethernetif.o
       700         12          0          0          0       6553   icmp.o
       352          0          0          0          0      11353   inet_chksum.o
        46          0          0          0          0       6305   init.o
         0          0          0          0         24       2946   ip.o
      1146         38          0          2          0       4904   ip4.o
       498          6          8          0          0       8551   ip4_addr.o
      1976         54          0          6          0      11450   ip4_frag.o
       536         34          0          6        188      52971   lan8742a.o
       186         14          0          8          0       2894   los_config.o
       228         24          0          0          0        304   los_dispatch.o
       398         22          0          0          0       2694   los_hw.o
        88         30          0          4          0        710   los_hw_tick.o
       142         26          0       1028       1024       5134   los_hwi.o
       356         10          0          0          0       3732   los_membox.o
      1210         14          0          0      32768      14888   los_memory.o
       112         24          0          0         64       1793   los_memstat.o
        28          0          0          0          0        584   los_misc.o
       396          4          0          0          0       4940   los_multipledlinkhead.o
       848         66          0         12          0       9160   los_mux.o
       232         22          0          4          0       9390   los_priqueue.o
      1346         86          0          4          0      18355   los_queue.o
       804         70          0         12          0       7620   los_sem.o
       616         84          0         16        208      16563   los_swtmr.o
        40          0          0          0          0        582   los_sys.o
      2300        186          0         68          0      24597   los_task.o
        40          6          0         16          0        789   los_tick.o
        92         16          0          8          0       1193   los_timeslice.o
        36         18          0          0          0        232   los_vendor.o
       536        192          0         20         52     243830   main.o
      1080        102          0         16      10252       5385   mem.o
       266         16        260         52      12946      10836   memp.o
       120         14          0          0          0       1112   misc.o
       428         20          0          9          0       9107   netif.o
      1588         30          0          1          0      22413   pbuf.o
      4574        122          0         16         80      63505   sockets.o
         2          0          0          0        252       5346   stats.o
      2306        156          0         16      15572      14343   stm32f429_eth.o
       240          0          0          0          0       3771   stm32f4xx_gpio.o
       360         42          0         16          0       5472   stm32f4xx_rcc.o
        12          6          0          0          0        618   stm32f4xx_syscfg.o
       174         28          0          0          0       2580   stm32f4xx_tim.o
       288          8          0          0          0       4090   stm32f4xx_usart.o
       950         38          0          2          0      13661   sys_arch.o
         0          0          0         20          0     293400   system_stm32f4xx.o
      3558        174        197         32          0      34074   tcp.o
      6580        380          0         40         16      20299   tcp_in.o
      4038         50          0          0          0      16903   tcp_out.o
       500         76          0         16          0       9073   tcpip.o
       648         90         24         12          0       8652   timeouts.o
      1350         58          0          8          0      12185   udp.o

    ----------------------------------------------------------------------
     49128       2736        620       1484      74712    1154676   Object Totals
         0          0         48          0       1024          0   (incl. Generated)
        68          0          3          9          2          0   (incl. Padding)

    ----------------------------------------------------------------------

      Code (inc. data)   RO Data    RW Data    ZI Data      Debug   Library Member Name

        90          0          0          0          0          0   __dczerorl2.o
         8          0          0          0          0         68   __main.o
       104          0          0          0          0         84   __printf.o
         0          0          0          0          0          0   __rtentry.o
        12          0          0          0          0          0   __rtentry2.o
         8          4          0          0          0          0   __rtentry6.o
        52          8          0          0          0          0   __scatter.o
        28          0          0          0          0          0   __scatter_zi.o
        48          6          0          0          0         96   _printf_char_common.o
        36          4          0          0          0         80   _printf_char_file.o
         6          0          0          0          0          0   _printf_d.o
       120         16          0          0          0         92   _printf_dec.o
       178          0          0          0          0         88   _printf_intcommon.o
         0          0          0          0          0          0   _printf_percent.o
         4          0          0          0          0          0   _printf_percent_end.o
        10          0          0          0          0         68   defsig_exit.o
        50          0          0          0          0         88   defsig_general.o
        80         58          0          0          0         76   defsig_rtmem_inner.o
        14          0          0          0          0         80   defsig_rtmem_outer.o
        52         38          0          0          0         76   defsig_rtred_inner.o
        14          0          0          0          0         80   defsig_rtred_outer.o
        18          0          0          0          0         80   exit.o
        76          0          0          0          0         88   fclose.o
         8          0          0          0          0         68   ferror.o
       236          4          0          0          0        128   fopen.o
       248          6          0          0          0         84   fseek.o
        66          0          0          0          0         76   ftell.o
        94          0          0          0          0         80   h1_alloc.o
        52          0          0          0          0         68   h1_extend.o
        78          0          0          0          0         80   h1_free.o
        14          0          0          0          0         84   h1_init.o
        80          6          0          4          0         96   heapauxa.o
         4          0          0          0          0        136   hguard.o
         0          0          0          0          0          0   indicate_semi.o
       138          0          0          0          0        168   init_alloc.o
       312         46          0          0          0        112   initio.o
         2          0          0          0          0          0   libinit.o
        10          0          0          0          0          0   libinit2.o
        16          8          0          0          0          0   libinit4.o
         2          0          0          0          0          0   libshutdown.o
         6          0          0          0          0          0   libshutdown2.o
         0          0          0          0         96          0   libspace.o
       238          0          0          0          0        100   lludivv7m.o
         0          0          0          0          0          0   maybetermalloc1.o
        88          0          0          0          0         76   memcmp.o
        24          4          0          0          0         84   noretval__2printf.o
         8          4          0          0          0         68   rt_errno_addr_intlibspace.o
         8          4          0          0          0         68   rt_heap_descriptor_intlibspace.o
        78          0          0          0          0         80   rt_memclr_w.o
       138          0          0          0          0         68   rt_memcpy_v6.o
       100          0          0          0          0         80   rt_memcpy_w.o
         2          0          0          0          0          0   rtexit.o
        10          0          0          0          0          0   rtexit2.o
        70          0          0          0          0         80   setvbuf.o
       240          6          0          0          0        156   stdio.o
         0          0          0         12        252          0   stdio_streams.o
        62          0          0          0          0         76   strlen.o
        12          4          0          0          0         68   sys_exit.o
       102          0         12          0          0        240   sys_io.o
        14          0          0          0          0         76   sys_wrch.o
         2          0          0          0          0         68   use_no_semi.o
        10          0          0          0          0        116   fpinit.o

    ----------------------------------------------------------------------
      3600        226         12         16        348       3828   Library Totals
        20          0          0          0          0          0   (incl. Padding)

    ----------------------------------------------------------------------

      Code (inc. data)   RO Data    RW Data    ZI Data      Debug   Library Name

      3570        226         12         16        348       3712   c_w.l
        10          0          0          0          0        116   fz_wm.l

    ----------------------------------------------------------------------
      3600        226         12         16        348       3828   Library Totals

    ----------------------------------------------------------------------

==============================================================================


      Code (inc. data)   RO Data    RW Data    ZI Data      Debug   

     52728       2962        632       1500      75060    1117580   Grand Totals
     52728       2962        632         60      75060    1117580   ELF Image Totals (compressed)
     52728       2962        632         60          0          0   ROM Totals

==============================================================================

    Total RO  Size (Code + RO Data)                53360 (  52.11kB)
    Total RW  Size (RW Data + ZI Data)             76560 (  74.77kB)
    Total ROM Size (Code + RO Data + RW Data)      53420 (  52.17kB)

==============================================================================

